Component: ARM Compiler 5.06 update 5 (build 528) Tool: armlink [4d35e2]

==============================================================================

Section Cross References

    startup_stm32f10x_md.o(STACK) refers (Special) to heapauxi.o(.text) for __use_two_region_memory
    startup_stm32f10x_md.o(HEAP) refers (Special) to heapauxi.o(.text) for __use_two_region_memory
    startup_stm32f10x_md.o(RESET) refers (Special) to heapauxi.o(.text) for __use_two_region_memory
    startup_stm32f10x_md.o(RESET) refers to startup_stm32f10x_md.o(STACK) for __initial_sp
    startup_stm32f10x_md.o(RESET) refers to startup_stm32f10x_md.o(.text) for Reset_Handler
    startup_stm32f10x_md.o(RESET) refers to stm32f10x_it.o(i.NMI_Handler) for NMI_Handler
    startup_stm32f10x_md.o(RESET) refers to stm32f10x_it.o(i.HardFault_Handler) for HardFault_Handler
    startup_stm32f10x_md.o(RESET) refers to stm32f10x_it.o(i.MemManage_Handler) for MemManage_Handler
    startup_stm32f10x_md.o(RESET) refers to stm32f10x_it.o(i.BusFault_Handler) for BusFault_Handler
    startup_stm32f10x_md.o(RESET) refers to stm32f10x_it.o(i.UsageFault_Handler) for UsageFault_Handler
    startup_stm32f10x_md.o(RESET) refers to stm32f10x_it.o(i.SVC_Handler) for SVC_Handler
    startup_stm32f10x_md.o(RESET) refers to stm32f10x_it.o(i.DebugMon_Handler) for DebugMon_Handler
    startup_stm32f10x_md.o(RESET) refers to stm32f10x_it.o(i.PendSV_Handler) for PendSV_Handler
    startup_stm32f10x_md.o(RESET) refers to stm32f10x_it.o(i.SysTick_Handler) for SysTick_Handler
    startup_stm32f10x_md.o(RESET) refers to tim2.o(i.TIM2_IRQHandler) for TIM2_IRQHandler
    startup_stm32f10x_md.o(RESET) refers to tim3.o(i.TIM3_IRQHandler) for TIM3_IRQHandler
    startup_stm32f10x_md.o(RESET) refers to usart.o(i.USART1_IRQHandler) for USART1_IRQHandler
    startup_stm32f10x_md.o(RESET) refers to usart.o(i.USART2_IRQHandler) for USART2_IRQHandler
    startup_stm32f10x_md.o(RESET) refers to usart3.o(i.USART3_IRQHandler) for USART3_IRQHandler
    startup_stm32f10x_md.o(.text) refers (Special) to heapauxi.o(.text) for __use_two_region_memory
    startup_stm32f10x_md.o(.text) refers to system_stm32f10x.o(i.SystemInit) for SystemInit
    startup_stm32f10x_md.o(.text) refers to __main.o(!!!main) for __main
    startup_stm32f10x_md.o(.text) refers to startup_stm32f10x_md.o(HEAP) for Heap_Mem
    startup_stm32f10x_md.o(.text) refers to startup_stm32f10x_md.o(STACK) for Stack_Mem
    system_stm32f10x.o(i.SetSysClock) refers to system_stm32f10x.o(i.SetSysClockTo72) for SetSysClockTo72
    system_stm32f10x.o(i.SystemCoreClockUpdate) refers to system_stm32f10x.o(.data) for SystemCoreClock
    system_stm32f10x.o(i.SystemInit) refers to system_stm32f10x.o(i.SetSysClock) for SetSysClock
    stm32f10x_adc.o(i.ADC_DeInit) refers to stm32f10x_rcc.o(i.RCC_APB2PeriphResetCmd) for RCC_APB2PeriphResetCmd
    stm32f10x_bkp.o(i.BKP_DeInit) refers to stm32f10x_rcc.o(i.RCC_BackupResetCmd) for RCC_BackupResetCmd
    stm32f10x_can.o(i.CAN_DeInit) refers to stm32f10x_rcc.o(i.RCC_APB1PeriphResetCmd) for RCC_APB1PeriphResetCmd
    stm32f10x_can.o(i.CAN_GetITStatus) refers to stm32f10x_can.o(i.CheckITStatus) for CheckITStatus
    stm32f10x_cec.o(i.CEC_DeInit) refers to stm32f10x_rcc.o(i.RCC_APB1PeriphResetCmd) for RCC_APB1PeriphResetCmd
    stm32f10x_dac.o(i.DAC_DeInit) refers to stm32f10x_rcc.o(i.RCC_APB1PeriphResetCmd) for RCC_APB1PeriphResetCmd
    stm32f10x_flash.o(i.FLASH_EnableWriteProtection) refers to stm32f10x_flash.o(i.FLASH_WaitForLastOperation) for FLASH_WaitForLastOperation
    stm32f10x_flash.o(i.FLASH_EraseAllBank1Pages) refers to stm32f10x_flash.o(i.FLASH_WaitForLastBank1Operation) for FLASH_WaitForLastBank1Operation
    stm32f10x_flash.o(i.FLASH_EraseAllPages) refers to stm32f10x_flash.o(i.FLASH_WaitForLastOperation) for FLASH_WaitForLastOperation
    stm32f10x_flash.o(i.FLASH_EraseOptionBytes) refers to stm32f10x_flash.o(i.FLASH_GetReadOutProtectionStatus) for FLASH_GetReadOutProtectionStatus
    stm32f10x_flash.o(i.FLASH_EraseOptionBytes) refers to stm32f10x_flash.o(i.FLASH_WaitForLastOperation) for FLASH_WaitForLastOperation
    stm32f10x_flash.o(i.FLASH_ErasePage) refers to stm32f10x_flash.o(i.FLASH_WaitForLastOperation) for FLASH_WaitForLastOperation
    stm32f10x_flash.o(i.FLASH_ProgramHalfWord) refers to stm32f10x_flash.o(i.FLASH_WaitForLastOperation) for FLASH_WaitForLastOperation
    stm32f10x_flash.o(i.FLASH_ProgramOptionByteData) refers to stm32f10x_flash.o(i.FLASH_WaitForLastOperation) for FLASH_WaitForLastOperation
    stm32f10x_flash.o(i.FLASH_ProgramWord) refers to stm32f10x_flash.o(i.FLASH_WaitForLastOperation) for FLASH_WaitForLastOperation
    stm32f10x_flash.o(i.FLASH_ReadOutProtection) refers to stm32f10x_flash.o(i.FLASH_WaitForLastOperation) for FLASH_WaitForLastOperation
    stm32f10x_flash.o(i.FLASH_UserOptionByteConfig) refers to stm32f10x_flash.o(i.FLASH_WaitForLastOperation) for FLASH_WaitForLastOperation
[...]
    _getenv_init                              - Undefined Weak Reference
    _handle_redirection                       - Undefined Weak Reference
    _initio                                   - Undefined Weak Reference
    _mutex_acquire                            - Undefined Weak Reference
    _mutex_free                               - Undefined Weak Reference
    _mutex_release                            - Undefined Weak Reference
    _printf_truncate_signed                   - Undefined Weak Reference
    _printf_truncate_unsigned                 - Undefined Weak Reference
    _rand_init                                - Undefined Weak Reference
    _signal_finish                            - Undefined Weak Reference
    _signal_init                              - Undefined Weak Reference
    _terminateio                              - Undefined Weak Reference
    __Vectors_Size                           0x000000ec   Number         0  startup_stm32f10x_md.o ABSOLUTE
    __Vectors                                0x08000000   Data           4  startup_stm32f10x_md.o(RESET)
    __Vectors_End                            0x080000ec   Data           0  startup_stm32f10x_md.o(RESET)
    __main                                   0x080000ed   Thumb Code     8  __main.o(!!!main)
    __scatterload                            0x080000f5   Thumb Code     0  __scatter.o(!!!scatter)
    __scatterload_rt2                        0x080000f5   Thumb Code    44  __scatter.o(!!!scatter)
    __scatterload_rt2_thumb_only             0x080000f5   Thumb Code     0  __scatter.o(!!!scatter)
    __scatterload_null                       0x08000103   Thumb Code     0  __scatter.o(!!!scatter)
    __scatterload_copy                       0x08000129   Thumb Code    26  __scatter_copy.o(!!handler_copy)
    __scatterload_zeroinit                   0x08000145   Thumb Code    28  __scatter_zi.o(!!handler_zi)
    _printf_d                                0x08000161   Thumb Code     0  _printf_d.o(.ARM.Collect$$_printf_percent$$00000009)
    _printf_percent                          0x08000161   Thumb Code     0  _printf_percent.o(.ARM.Collect$$_printf_percent$$00000000)
    _printf_x                                0x08000167   Thumb Code     0  _printf_x.o(.ARM.Collect$$_printf_percent$$0000000C)
    _printf_percent_end                      0x0800016d   Thumb Code     0  _printf_percent_end.o(.ARM.Collect$$_printf_percent$$00000017)
    __rt_lib_init                            0x08000171   Thumb Code     0  libinit.o(.ARM.Collect$$libinit$$00000000)
    __rt_lib_init_alloca_1                   0x08000173   Thumb Code     0  libinit2.o(.ARM.Collect$$libinit$$0000002E)
    __rt_lib_init_argv_1                     0x08000173   Thumb Code     0  libinit2.o(.ARM.Collect$$libinit$$0000002C)
    __rt_lib_init_atexit_1                   0x08000173   Thumb Code     0  libinit2.o(.ARM.Collect$$libinit$$0000001B)
    __rt_lib_init_clock_1                    0x08000173   Thumb Code     0  libinit2.o(.ARM.Collect$$libinit$$00000021)
    __rt_lib_init_cpp_1                      0x08000173   Thumb Code     0  libinit2.o(.ARM.Collect$$libinit$$00000032)
    __rt_lib_init_exceptions_1               0x08000173   Thumb Code     0  libinit2.o(.ARM.Collect$$libinit$$00000030)
    __rt_lib_init_fp_1                       0x08000173   Thumb Code     0  libinit2.o(.ARM.Collect$$libinit$$00000002)
    __rt_lib_init_fp_trap_1                  0x08000173   Thumb Code     0  libinit2.o(.ARM.Collect$$libinit$$0000001F)
    __rt_lib_init_getenv_1                   0x08000173   Thumb Code     0  libinit2.o(.ARM.Collect$$libinit$$00000023)
    __rt_lib_init_heap_1                     0x08000173   Thumb Code     0  libinit2.o(.ARM.Collect$$libinit$$0000000A)
    __rt_lib_init_lc_collate_1               0x08000173   Thumb Code     0  libinit2.o(.ARM.Collect$$libinit$$00000011)
    __rt_lib_init_lc_ctype_1                 0x08000173   Thumb Code     0  libinit2.o(.ARM.Collect$$libinit$$00000013)
    __rt_lib_init_lc_monetary_1              0x08000173   Thumb Code     0  libinit2.o(.ARM.Collect$$libinit$$00000015)
    __rt_lib_init_lc_numeric_1               0x08000173   Thumb Code     0  libinit2.o(.ARM.Collect$$libinit$$00000017)
    __rt_lib_init_lc_time_1                  0x08000173   Thumb Code     0  libinit2.o(.ARM.Collect$$libinit$$00000019)
    __rt_lib_init_preinit_1                  0x08000173   Thumb Code     0  libinit2.o(.ARM.Collect$$libinit$$00000004)
    __rt_lib_init_rand_1                     0x08000173   Thumb Code     0  libinit2.o(.ARM.Collect$$libinit$$0000000E)
    __rt_lib_init_return                     0x08000173   Thumb Code     0  libinit2.o(.ARM.Collect$$libinit$$00000033)
    __rt_lib_init_signal_1                   0x08000173   Thumb Code     0  libinit2.o(.ARM.Collect$$libinit$$0000001D)
    __rt_lib_init_stdio_1                    0x08000173   Thumb Code     0  libinit2.o(.ARM.Collect$$libinit$$00000025)
    __rt_lib_init_user_alloc_1               0x08000173   Thumb Code     0  libinit2.o(.ARM.Collect$$libinit$$0000000C)
    __rt_lib_shutdown                        0x08000175   Thumb Code     0  libshutdown.o(.ARM.Collect$$libshutdown$$00000000)
    __rt_lib_shutdown_cpp_1                  0x08000177   Thumb Code     0  libshutdown2.o(.ARM.Collect$$libshutdown$$00000002)
    __rt_lib_shutdown_fp_trap_1              0x08000177   Thumb Code     0  libshutdown2.o(.ARM.Collect$$libshutdown$$00000007)
    __rt_lib_shutdown_heap_1                 0x08000177   Thumb Code     0  libshutdown2.o(.ARM.Collect$$libshutdown$$0000000F)
    __rt_lib_shutdown_return                 0x08000177   Thumb Code     0  libshutdown2.o(.ARM.Collect$$libshutdown$$00000010)
    __rt_lib_shutdown_signal_1               0x08000177   Thumb Code     0  libshutdown2.o(.ARM.Collect$$libshutdown$$0000000A)
    __rt_lib_shutdown_stdio_1                0x08000177   Thumb Code     0  libshutdown2.o(.ARM.Collect$$libshutdown$$00000004)
    __rt_lib_shutdown_user_alloc_1           0x08000177   Thumb Code     0  libshutdown2.o(.ARM.Collect$$libshutdown$$0000000C)
    __rt_entry                               0x08000179   Thumb Code     0  __rtentry.o(.ARM.Collect$$rtentry$$00000000)
    __rt_entry_presh_1                       0x08000179   Thumb Code     0  __rtentry2.o(.ARM.Collect$$rtentry$$00000002)
    __rt_entry_sh                            0x08000179   Thumb Code     0  __rtentry4.o(.ARM.Collect$$rtentry$$00000004)
    __rt_entry_li                            0x0800017f   Thumb Code     0  __rtentry2.o(.ARM.Collect$$rtentry$$0000000A)
    __rt_entry_postsh_1                      0x0800017f   Thumb Code     0  __rtentry2.o(.ARM.Collect$$rtentry$$00000009)
    __rt_entry_main                          0x08000183   Thumb Code     0  __rtentry2.o(.ARM.Collect$$rtentry$$0000000D)
    __rt_entry_postli_1                      0x08000183   Thumb Code     0  __rtentry2.o(.ARM.Collect$$rtentry$$0000000C)
    __rt_exit                                0x0800018b   Thumb Code     0  rtexit.o(.ARM.Collect$$rtexit$$00000000)
    __rt_exit_ls                             0x0800018d   Thumb Code     0  rtexit2.o(.ARM.Collect$$rtexit$$00000003)
    __rt_exit_prels_1                        0x0800018d   Thumb Code     0  rtexit2.o(.ARM.Collect$$rtexit$$00000002)
    __rt_exit_exit                           0x08000191   Thumb Code     0  rtexit2.o(.ARM.Collect$$rtexit$$00000004)
    Reset_Handler                            0x08000199   Thumb Code     8  startup_stm32f10x_md.o(.text)
    ADC1_2_IRQHandler                        0x080001b3   Thumb Code     0  startup_stm32f10x_md.o(.text)
    CAN1_RX1_IRQHandler                      0x080001b3   Thumb Code     0  startup_stm32f10x_md.o(.text)
    CAN1_SCE_IRQHandler                      0x080001b3   Thumb Code     0  startup_stm32f10x_md.o(.text)
    DMA1_Channel1_IRQHandler                 0x080001b3   Thumb Code     0  startup_stm32f10x_md.o(.text)
    DMA1_Channel2_IRQHandler                 0x080001b3   Thumb Code     0  startup_stm32f10x_md.o(.text)
    DMA1_Channel3_IRQHandler                 0x080001b3   Thumb Code     0  startup_stm32f10x_md.o(.text)
    DMA1_Channel4_IRQHandler                 0x080001b3   Thumb Code     0  startup_stm32f10x_md.o(.text)
    DMA1_Channel5_IRQHandler                 0x080001b3   Thumb Code     0  startup_stm32f10x_md.o(.text)
    DMA1_Channel6_IRQHandler                 0x080001b3   Thumb Code     0  startup_stm32f10x_md.o(.text)
    DMA1_Channel7_IRQHandler                 0x080001b3   Thumb Code     0  startup_stm32f10x_md.o(.text)
    EXTI0_IRQHandler                         0x080001b3   Thumb Code     0  startup_stm32f10x_md.o(.text)
    EXTI15_10_IRQHandler                     0x080001b3   Thumb Code     0  startup_stm32f10x_md.o(.text)
    EXTI1_IRQHandler                         0x080001b3   Thumb Code     0  startup_stm32f10x_md.o(.text)
    EXTI2_IRQHandler                         0x080001b3   Thumb Code     0  startup_stm32f10x_md.o(.text)
    EXTI3_IRQHandler                         0x080001b3   Thumb Code     0  startup_stm32f10x_md.o(.text)
    EXTI4_IRQHandler                         0x080001b3   Thumb Code     0  startup_stm32f10x_md.o(.text)
    EXTI9_5_IRQHandler                       0x080001b3   Thumb Code     0  startup_stm32f10x_md.o(.text)
    FLASH_IRQHandler                         0x080001b3   Thumb Code     0  startup_stm32f10x_md.o(.text)
    I2C1_ER_IRQHandler                       0x080001b3   Thumb Code     0  startup_stm32f10x_md.o(.text)
    I2C1_EV_IRQHandler                       0x080001b3   Thumb Code     0  startup_stm32f10x_md.o(.text)
    I2C2_ER_IRQHandler                       0x080001b3   Thumb Code     0  startup_stm32f10x_md.o(.text)
    I2C2_EV_IRQHandler                       0x080001b3   Thumb Code     0  startup_stm32f10x_md.o(.text)
    PVD_IRQHandler                           0x080001b3   Thumb Code     0  startup_stm32f10x_md.o(.text)
    RCC_IRQHandler                           0x080001b3   Thumb Code     0  startup_stm32f10x_md.o(.text)
    RTCAlarm_IRQHandler                      0x080001b3   Thumb Code     0  startup_stm32f10x_md.o(.text)
    RTC_IRQHandler                           0x080001b3   Thumb Code     0  startup_stm32f10x_md.o(.text)
    SPI1_IRQHandler                          0x080001b3   Thumb Code     0  startup_stm32f10x_md.o(.text)
    SPI2_IRQHandler                          0x080001b3   Thumb Code     0  startup_stm32f10x_md.o(.text)
    TAMPER_IRQHandler                        0x080001b3   Thumb Code     0  startup_stm32f10x_md.o(.text)
    TIM1_BRK_IRQHandler                      0x080001b3   Thumb Code     0  startup_stm32f10x_md.o(.text)
    TIM1_CC_IRQHandler                       0x080001b3   Thumb Code     0  startup_stm32f10x_md.o(.text)
    TIM1_TRG_COM_IRQHandler                  0x080001b3   Thumb Code     0  startup_stm32f10x_md.o(.text)
    TIM1_UP_IRQHandler                       0x080001b3   Thumb Code     0  startup_stm32f10x_md.o(.text)
    TIM4_IRQHandler                          0x080001b3   Thumb Code     0  startup_stm32f10x_md.o(.text)
    USBWakeUp_IRQHandler                     0x080001b3   Thumb Code     0  startup_stm32f10x_md.o(.text)
    USB_HP_CAN1_TX_IRQHandler                0x080001b3   Thumb Code     0  startup_stm32f10x_md.o(.text)
    USB_LP_CAN1_RX0_IRQHandler               0x080001b3   Thumb Code     0  startup_stm32f10x_md.o(.text)
    WWDG_IRQHandler                          0x080001b3   Thumb Code     0  startup_stm32f10x_md.o(.text)
    __user_initial_stackheap                 0x080001b5   Thumb Code     0  startup_stm32f10x_md.o(.text)
    __use_no_semihosting                     0x080001d9   Thumb Code     2  use_no_semi_2.o(.text)
    free                                     0x080001db   Thumb Code    78  h1_free.o(.text)
    __2printf                                0x08000229   Thumb Code    20  noretval__2printf.o(.text)
    _printf_pre_padding                      0x08000241   Thumb Code    44  _printf_pad.o(.text)
    _printf_post_padding                     0x0800026d   Thumb Code    34  _printf_pad.o(.text)
    _printf_int_dec                          0x08000291   Thumb Code   104  _printf_dec.o(.text)
    _printf_int_hex                          0x08000309   Thumb Code    84  _printf_hex_int.o(.text)
    _printf_longlong_hex                     0x08000309   Thumb Code     0  _printf_hex_int.o(.text)
    __printf                                 0x08000361   Thumb Code   308  __printf_flags_wp.o(.text)
    __aeabi_memcpy                           0x08000499   Thumb Code     0  rt_memcpy_v6.o(.text)
    __rt_memcpy                              0x08000499   Thumb Code   138  rt_memcpy_v6.o(.text)
    _memcpy_lastbytes                        0x080004ff   Thumb Code     0  rt_memcpy_v6.o(.text)
    __aeabi_memcpy4                          0x08000523   Thumb Code     0  rt_memcpy_w.o(.text)
    __aeabi_memcpy8                          0x08000523   Thumb Code     0  rt_memcpy_w.o(.text)
    __rt_memcpy_w                            0x08000523   Thumb Code   100  rt_memcpy_w.o(.text)
    _memcpy_lastbytes_aligned                0x0800056b   Thumb Code     0  rt_memcpy_w.o(.text)
    __aeabi_memset                           0x08000587   Thumb Code    16  aeabi_memset.o(.text)
    __aeabi_memclr                           0x08000597   Thumb Code     0  rt_memclr.o(.text)
    __rt_memclr                              0x08000597   Thumb Code    68  rt_memclr.o(.text)
    _memset                                  0x0800059b   Thumb Code     0  rt_memclr.o(.text)
    __aeabi_memclr4                          0x080005db   Thumb Code     0  rt_memclr_w.o(.text)
    __aeabi_memclr8                          0x080005db   Thumb Code     0  rt_memclr_w.o(.text)
    __rt_memclr_w                            0x080005db   Thumb Code    78  rt_memclr_w.o(.text)
    _memset_w                                0x080005df   Thumb Code     0  rt_memclr_w.o(.text)
    __use_two_region_memory                  0x08000629   Thumb Code     2  heapauxi.o(.text)
    __rt_heap_escrow                         0x0800062b   Thumb Code     2  heapauxi.o(.text)
    __rt_heap_expand                         0x0800062d   Thumb Code     2  heapauxi.o(.text)
    __I$use$semihosting                      0x0800062f   Thumb Code     0  use_no_semi.o(.text)
    __use_no_semihosting_swi                 0x0800062f   Thumb Code     2  use_no_semi.o(.text)
    __rt_heap_descriptor                     0x08000631   Thumb Code     8  rt_heap_descriptor_intlibspace.o(.text)
    __read_errno                             0x08000639   Thumb Code    10  _rserrno.o(.text)
    __set_errno                              0x08000643   Thumb Code    12  _rserrno.o(.text)
    _printf_int_common                       0x0800064f   Thumb Code   178  _printf_intcommon.o(.text)
    _printf_char_file                        0x08000701   Thumb Code    32  _printf_char_file.o(.text)
    __user_libspace                          0x08000725   Thumb Code     8  libspace.o(.text)
    __user_perproc_libspace                  0x08000725   Thumb Code     0  libspace.o(.text)
    __user_perthread_libspace                0x08000725   Thumb Code     0  libspace.o(.text)
    __aeabi_errno_addr                       0x0800072d   Thumb Code     8  rt_errno_addr_intlibspace.o(.text)
    __errno$intlibspace                      0x0800072d   Thumb Code     0  rt_errno_addr_intlibspace.o(.text)
    __rt_errno_addr$intlibspace              0x0800072d   Thumb Code     0  rt_errno_addr_intlibspace.o(.text)
    _printf_char_common                      0x0800073f   Thumb Code    32  _printf_char_common.o(.text)
    ferror                                   0x08000765   Thumb Code     8  ferror.o(.text)
    __user_setup_stackheap                   0x0800076d   Thumb Code    74  sys_stackheap_outer.o(.text)
    exit                                     0x080007b7   Thumb Code    18  exit.o(.text)
    ADCX_Init                                0x080007c9   Thumb Code   104  adcx.o(i.ADCX_Init)
    ADC_Cmd                                  0x08000835   Thumb Code    22  stm32f10x_adc.o(i.ADC_Cmd)
    ADC_GetCalibrationStatus                 0x0800084b   Thumb Code    20  stm32f10x_adc.o(i.ADC_GetCalibrationStatus)
    ADC_GetConversionValue                   0x0800085f   Thumb Code     8  stm32f10x_adc.o(i.ADC_GetConversionValue)
    ADC_GetFlagStatus                        0x08000867   Thumb Code    18  stm32f10x_adc.o(i.ADC_GetFlagStatus)
    ADC_GetResetCalibrationStatus            0x08000879   Thumb Code    20  stm32f10x_adc.o(i.ADC_GetResetCalibrationStatus)
    ADC_GetValue                             0x0800088d   Thumb Code    48  adcx.o(i.ADC_GetValue)
    ADC_Init                                 0x080008c1   Thumb Code    70  stm32f10x_adc.o(i.ADC_Init)
    ADC_RegularChannelConfig                 0x08000911   Thumb Code   184  stm32f10x_adc.o(i.ADC_RegularChannelConfig)
    ADC_ResetCalibration                     0x080009c9   Thumb Code    10  stm32f10x_adc.o(i.ADC_ResetCalibration)
    ADC_SoftwareStartConvCmd                 0x080009d3   Thumb Code    22  stm32f10x_adc.o(i.ADC_SoftwareStartConvCmd)
    ADC_StartCalibration                     0x080009e9   Thumb Code    10  stm32f10x_adc.o(i.ADC_StartCalibration)
    BusFault_Handler                         0x080009f3   Thumb Code     4  stm32f10x_it.o(i.BusFault_Handler)
    Buzzer_Init                              0x080009f9   Thumb Code    46  buzzer.o(i.Buzzer_Init)
    Buzzer_OFF                               0x08000a2d   Thumb Code    18  buzzer.o(i.Buzzer_OFF)
    Buzzer_ON                                0x08000a49   Thumb Code    18  buzzer.o(i.Buzzer_ON)
    CO2GetData                               0x08000a65   Thumb Code    28  main.o(i.CO2GetData)
    DHT11_Init                               0x08000a89   Thumb Code    12  dht11.o(i.DHT11_Init)
    DHT11_Mode                               0x08000a95   Thumb Code    52  dht11.o(i.DHT11_Mode)
    DHT11_Read_Byte                          0x08000acd   Thumb Code   144  dht11.o(i.DHT11_Read_Byte)
    DHT11_Read_Data                          0x08000b65   Thumb Code   110  dht11.o(i.DHT11_Read_Data)
    DHT11_Sends_Response                     0x08000bd5   Thumb Code   100  dht11.o(i.DHT11_Sends_Response)
    DHT11_Sends_Start                        0x08000c41   Thumb Code    42  dht11.o(i.DHT11_Sends_Start)
    DS18B20_Read_Byte                        0x08000c71   Thumb Code    78  ds18b20.o(i.DS18B20_Read_Byte)
    DS18B20_Read_Temp                        0x08000cc5   Thumb Code   170  ds18b20.o(i.DS18B20_Read_Temp)
    DS18B20_Write_Byte                       0x08000d81   Thumb Code    78  ds18b20.o(i.DS18B20_Write_Byte)
    DS18B20_Write_Out_Input                  0x08000dd5   Thumb Code    54  ds18b20.o(i.DS18B20_Write_Out_Input)
    DS18B20_Write_Reset                      0x08000e11   Thumb Code    66  ds18b20.o(i.DS18B20_Write_Reset)
    DebugMon_Handler                         0x08000e59   Thumb Code     2  stm32f10x_it.o(i.DebugMon_Handler)
    Delay_ms                                 0x08000e5b   Thumb Code    24  delay.o(i.Delay_ms)
    Delay_us                                 0x08000e73   Thumb Code    46  delay.o(i.Delay_us)
    FLASH_ClearFlag                          0x08000ea1   Thumb Code     6  stm32f10x_flash.o(i.FLASH_ClearFlag)
    FLASH_ErasePage                          0x08000ead   Thumb Code    72  stm32f10x_flash.o(i.FLASH_ErasePage)
    FLASH_GetBank1Status                     0x08000ef9   Thumb Code    48  stm32f10x_flash.o(i.FLASH_GetBank1Status)
    FLASH_Lock                               0x08000f2d   Thumb Code    14  stm32f10x_flash.o(i.FLASH_Lock)
    FLASH_ProgramHalfWord                    0x08000f41   Thumb Code    60  stm32f10x_flash.o(i.FLASH_ProgramHalfWord)
    FLASH_R                                  0x08000f81   Thumb Code     6  flash.o(i.FLASH_R)
    FLASH_Unlock                             0x08000f89   Thumb Code    12  stm32f10x_flash.o(i.FLASH_Unlock)
    FLASH_W                                  0x08000fa1   Thumb Code   102  flash.o(i.FLASH_W)
    FLASH_WaitForLastOperation               0x08001007   Thumb Code    38  stm32f10x_flash.o(i.FLASH_WaitForLastOperation)
    GENERAL_TIM_Init                         0x0800102d   Thumb Code    12  tim3.o(i.GENERAL_TIM_Init)
    GPIO_Init                                0x080010b3   Thumb Code   278  stm32f10x_gpio.o(i.GPIO_Init)
    GPIO_PinRemapConfig                      0x080011c9   Thumb Code   138  stm32f10x_gpio.o(i.GPIO_PinRemapConfig)
    GPIO_ReadInputDataBit                    0x08001259   Thumb Code    18  stm32f10x_gpio.o(i.GPIO_ReadInputDataBit)
    GPIO_ResetBits                           0x0800126b   Thumb Code     4  stm32f10x_gpio.o(i.GPIO_ResetBits)
    GPIO_SetBits                             0x0800126f   Thumb Code     4  stm32f10x_gpio.o(i.GPIO_SetBits)
    GPIO_WriteBit                            0x08001273   Thumb Code    10  stm32f10x_gpio.o(i.GPIO_WriteBit)
    HardFault_Handler                        0x0800127d   Thumb Code     4  stm32f10x_it.o(i.HardFault_Handler)
    IWDG_Enable                              0x08001281   Thumb Code    10  stm32f10x_iwdg.o(i.IWDG_Enable)
    IWDG_Init                                0x08001291   Thumb Code    78  iwdg.o(i.IWDG_Init)
    IWDG_ReloadCounter                       0x08001305   Thumb Code    10  stm32f10x_iwdg.o(i.IWDG_ReloadCounter)
    IWDG_SetPrescaler                        0x08001315   Thumb Code     6  stm32f10x_iwdg.o(i.IWDG_SetPrescaler)
    IWDG_SetReload                           0x08001321   Thumb Code     6  stm32f10x_iwdg.o(i.IWDG_SetReload)
    IWDG_WriteAccessCmd                      0x0800132d   Thumb Code     6  stm32f10x_iwdg.o(i.IWDG_WriteAccessCmd)
    Key_Init                                 0x08001339   Thumb Code    40  key.o(i.Key_Init)
    Key_scan                                 0x08001365   Thumb Code   642  key.o(i.Key_scan)
    LDR_ADC_Read                             0x08001631   Thumb Code    12  ldr.o(i.LDR_ADC_Read)
    LDR_Average_Data                         0x0800163d   Thumb Code    38  ldr.o(i.LDR_Average_Data)
    LDR_Init                                 0x08001665   Thumb Code    38  ldr.o(i.LDR_Init)
    LDR_LuxData                              0x08001691   Thumb Code   132  ldr.o(i.LDR_LuxData)
    LED_Init                                 0x08001729   Thumb Code    46  led.o(i.LED_Init)
    LED_OFF                                  0x0800175d   Thumb Code    12  led.o(i.LED_OFF)
    LED_ON                                   0x0800176d   Thumb Code    12  led.o(i.LED_ON)
    MOTOR_Direction                          0x0800177d   Thumb Code   182  motor.o(i.MOTOR_Direction)
    MOTOR_Direction_Angle                    0x08001835   Thumb Code    64  motor.o(i.MOTOR_Direction_Angle)
    MOTOR_Init                               0x08001879   Thumb Code   102  motor.o(i.MOTOR_Init)
    MOTOR_Rhythm_4_1_4                       0x080018ed   Thumb Code   192  motor.o(i.MOTOR_Rhythm_4_1_4)
    MOTOR_Rhythm_4_1_8                       0x080019b5   Thumb Code   356  motor.o(i.MOTOR_Rhythm_4_1_8)
    MOTOR_Rhythm_4_2_4                       0x08001b21   Thumb Code   192  motor.o(i.MOTOR_Rhythm_4_2_4)
    MOTOR_STOP                               0x08001be9   Thumb Code    14  motor.o(i.MOTOR_STOP)
    MemManage_Handler                        0x08001bfd   Thumb Code     4  stm32f10x_it.o(i.MemManage_Handler)
    MotorOperation                           0x08001c01   Thumb Code    66  main.o(i.MotorOperation)
    NMI_Handler                              0x08001c49   Thumb Code     2  stm32f10x_it.o(i.NMI_Handler)
    NVIC_Init                                0x08001c4d   Thumb Code   100  misc.o(i.NVIC_Init)
    NVIC_PriorityGroupConfig                 0x08001cbd   Thumb Code    10  misc.o(i.NVIC_PriorityGroupConfig)
    OLED_Clear                               0x08001cd1   Thumb Code    42  oled.o(i.OLED_Clear)
    OLED_I2C_Init                            0x08001cfd   Thumb Code    56  oled.o(i.OLED_I2C_Init)
    OLED_I2C_SendByte                        0x08001d39   Thumb Code    74  oled.o(i.OLED_I2C_SendByte)
    OLED_I2C_Start                           0x08001d89   Thumb Code    44  oled.o(i.OLED_I2C_Start)
    OLED_I2C_Stop                            0x08001db9   Thumb Code    34  oled.o(i.OLED_I2C_Stop)
    OLED_Init                                0x08001de1   Thumb Code   174  oled.o(i.OLED_Init)
    OLED_Menu1                               0x08001e91   Thumb Code   254  main.o(i.OLED_Menu1)
    OLED_Menu2                               0x08001f99   Thumb Code   244  main.o(i.OLED_Menu2)
    OLED_Option                              0x0800208d   Thumb Code   280  main.o(i.OLED_Option)
    OLED_Pow                                 0x080021a5   Thumb Code    20  oled.o(i.OLED_Pow)
    OLED_SetCursor                           0x080021b9   Thumb Code    34  oled.o(i.OLED_SetCursor)
    OLED_ShowChar                            0x080021dd   Thumb Code   110  oled.o(i.OLED_ShowChar)
    OLED_ShowChinese                         0x08002251   Thumb Code   102  oled.o(i.OLED_ShowChinese)
    OLED_ShowNum                             0x080022bd   Thumb Code    68  oled.o(i.OLED_ShowNum)
    OLED_ShowString                          0x08002301   Thumb Code    40  oled.o(i.OLED_ShowString)
    OLED_WriteCommand                        0x08002329   Thumb Code    32  oled.o(i.OLED_WriteCommand)
    OLED_WriteData                           0x08002349   Thumb Code    32  oled.o(i.OLED_WriteData)
    OLED_settingsPage1                       0x08002369   Thumb Code   204  main.o(i.OLED_settingsPage1)
    OLED_settingsPage2                       0x08002435   Thumb Code   104  main.o(i.OLED_settingsPage2)
    PendSV_Handler                           0x0800249d   Thumb Code     2  stm32f10x_it.o(i.PendSV_Handler)
    RCC_ADCCLKConfig                         0x080024a1   Thumb Code    18  stm32f10x_rcc.o(i.RCC_ADCCLKConfig)
    RCC_APB1PeriphClockCmd                   0x080024b9   Thumb Code    26  stm32f10x_rcc.o(i.RCC_APB1PeriphClockCmd)
    RCC_APB2PeriphClockCmd                   0x080024d9   Thumb Code    26  stm32f10x_rcc.o(i.RCC_APB2PeriphClockCmd)
    RCC_ClearFlag                            0x080024f9   Thumb Code    14  stm32f10x_rcc.o(i.RCC_ClearFlag)
    RCC_GetClocksFreq                        0x0800250d   Thumb Code   192  stm32f10x_rcc.o(i.RCC_GetClocksFreq)
    RCC_GetFlagStatus                        0x080025e1   Thumb Code    56  stm32f10x_rcc.o(i.RCC_GetFlagStatus)
    RCC_LSICmd                               0x0800261d   Thumb Code     6  stm32f10x_rcc.o(i.RCC_LSICmd)
    Relay_Init                               0x08002629   Thumb Code    60  relay.o(i.Relay_Init)
    Relay_OFF                                0x08002669   Thumb Code    30  relay.o(i.Relay_OFF)
    Relay_ON                                 0x0800268d   Thumb Code    30  relay.o(i.Relay_ON)
    SVC_Handler                              0x080026b1   Thumb Code     2  stm32f10x_it.o(i.SVC_Handler)
    SensorDataDisplay1                       0x080026b5   Thumb Code    80  main.o(i.SensorDataDisplay1)
    SensorDataDisplay2                       0x0800270d   Thumb Code    68  main.o(i.SensorDataDisplay2)
    SensorScan                               0x08002755   Thumb Code    44  main.o(i.SensorScan)
    SetSelection                             0x08002785   Thumb Code    64  main.o(i.SetSelection)
    SysTick_Handler                          0x080028b5   Thumb Code     2  stm32f10x_it.o(i.SysTick_Handler)
    SystemInit                               0x080028b9   Thumb Code    78  system_stm32f10x.o(i.SystemInit)
    TIM2_IRQHandler                          0x08002919   Thumb Code   428  tim2.o(i.TIM2_IRQHandler)
    TIM3_IRQHandler                          0x08002aed   Thumb Code    26  tim3.o(i.TIM3_IRQHandler)
    TIM_ClearFlag                            0x08002b0d   Thumb Code     6  stm32f10x_tim.o(i.TIM_ClearFlag)
    TIM_ClearITPendingBit                    0x08002b13   Thumb Code     6  stm32f10x_tim.o(i.TIM_ClearITPendingBit)
    TIM_Cmd                                  0x08002b19   Thumb Code    24  stm32f10x_tim.o(i.TIM_Cmd)
    TIM_GetITStatus                          0x08002b31   Thumb Code    34  stm32f10x_tim.o(i.TIM_GetITStatus)
    TIM_ITConfig                             0x08002b53   Thumb Code    18  stm32f10x_tim.o(i.TIM_ITConfig)
    TIM_TimeBaseInit                         0x08002b65   Thumb Code   122  stm32f10x_tim.o(i.TIM_TimeBaseInit)
    ThresholdModification                    0x08002c09   Thumb Code   492  main.o(i.ThresholdModification)
    Timer2_Init                              0x08002dfd   Thumb Code    94  tim2.o(i.Timer2_Init)
    USART1_IRQHandler                        0x08002e5d   Thumb Code    24  usart.o(i.USART1_IRQHandler)
    USART2_IRQHandler                        0x08002e79   Thumb Code    34  usart.o(i.USART2_IRQHandler)
    USART3_IRQHandler                        0x08002ea1   Thumb Code   202  usart3.o(i.USART3_IRQHandler)
    USART_ClearITPendingBit                  0x08002f81   Thumb Code    30  stm32f10x_usart.o(i.USART_ClearITPendingBit)
    USART_Cmd                                0x08002f9f   Thumb Code    24  stm32f10x_usart.o(i.USART_Cmd)
    USART_GetFlagStatus                      0x08002fb7   Thumb Code    26  stm32f10x_usart.o(i.USART_GetFlagStatus)
    USART_GetITStatus                        0x08002fd1   Thumb Code    84  stm32f10x_usart.o(i.USART_GetITStatus)
    USART_ITConfig                           0x08003025   Thumb Code    74  stm32f10x_usart.o(i.USART_ITConfig)
    USART_Init                               0x08003071   Thumb Code   210  stm32f10x_usart.o(i.USART_Init)
    USART_ReceiveData                        0x08003149   Thumb Code    10  stm32f10x_usart.o(i.USART_ReceiveData)
    USART_SendData                           0x08003153   Thumb Code     8  stm32f10x_usart.o(i.USART_SendData)
    Uart1_Init                               0x0800315d   Thumb Code   154  usart.o(i.Uart1_Init)
    Uart2_Init                               0x08003201   Thumb Code   156  usart.o(i.Uart2_Init)
    Uart3_Init                               0x080032a5   Thumb Code   162  usart3.o(i.Uart3_Init)
    UsageFault_Handler                       0x08003351   Thumb Code     4  stm32f10x_it.o(i.UsageFault_Handler)
    YL69_ADC_Read                            0x08003355   Thumb Code    12  yl_69.o(i.YL69_ADC_Read)
    YL69_Average_Data                        0x08003361   Thumb Code    38  yl_69.o(i.YL69_Average_Data)
    YL69_Init                                0x08003389   Thumb Code    38  yl_69.o(i.YL69_Init)
    YL69_PercentageData                      0x080033b5   Thumb Code    58  yl_69.o(i.YL69_PercentageData)
    __ARM_fpclassify                         0x080033f9   Thumb Code    40  fpclassify.o(i.__ARM_fpclassify)
    __kernel_poly                            0x08003421   Thumb Code   170  poly.o(i.__kernel_poly)
    __mathlib_dbl_divzero                    0x080034cd   Thumb Code    12  dunder.o(i.__mathlib_dbl_divzero)
    __mathlib_dbl_infnan2                    0x080034dd   Thumb Code     4  dunder.o(i.__mathlib_dbl_infnan2)
    __mathlib_dbl_invalid                    0x080034e1   Thumb Code    12  dunder.o(i.__mathlib_dbl_invalid)
    __mathlib_dbl_overflow                   0x080034ed   Thumb Code    14  dunder.o(i.__mathlib_dbl_overflow)
    __mathlib_dbl_underflow                  0x080034fd   Thumb Code    10  dunder.o(i.__mathlib_dbl_underflow)
    _is_digit                                0x0800350d   Thumb Code    14  __printf_wp.o(i._is_digit)
    _sys_exit                                0x0800351b   Thumb Code     4  usart.o(i._sys_exit)
    calculateDynamicBitPartLen               0x0800351f   Thumb Code    80  gizwits_protocol.o(i.calculateDynamicBitPartLen)
    exchangeBytes                            0x0800356f   Thumb Code    26  common.o(i.exchangeBytes)
    exchangeWord                             0x08003589   Thumb Code    26  common.o(i.exchangeWord)
    fputc                                    0x080035a5   Thumb Code    24  usart.o(i.fputc)
    gizAcrossByteJudge                       0x080035c1   Thumb Code    42  datapointtools.o(i.gizAcrossByteJudge)
    gizByteOrderExchange                     0x080035eb   Thumb Code    50  datapointtools.o(i.gizByteOrderExchange)
    gizGetTimerCount                         0x08003edd   Thumb Code     6  gizwits_product.o(i.gizGetTimerCount)
    gizProtocolSum                           0x08004de9   Thumb Code    38  common.o(i.gizProtocolSum)
    gizPutData                               0x08004ec1   Thumb Code    52  gizwits_protocol.o(i.gizPutData)
    gizTimerMs                               0x0800502d   Thumb Code    12  gizwits_product.o(i.gizTimerMs)
    gizVarlenCompressValue                   0x0800503d   Thumb Code   124  datapointtools.o(i.gizVarlenCompressValue)
    gizVarlenDecompressionValue              0x080050b9   Thumb Code   196  datapointtools.o(i.gizVarlenDecompressionValue)
    gizY2X                                   0x0800517d   Thumb Code    14  datapointtools.o(i.gizY2X)
    gizwitsEventProcess                      0x0800518d   Thumb Code   474  gizwits_product.o(i.gizwitsEventProcess)
    gizwitsHandle                            0x08005479   Thumb Code   608  gizwits_protocol.o(i.gizwitsHandle)
    gizwitsInit                              0x080057f5   Thumb Code    48  gizwits_protocol.o(i.gizwitsInit)
    gizwitsSetMode                           0x08005859   Thumb Code   590  gizwits_protocol.o(i.gizwitsSetMode)
    main                                     0x08005ae1   Thumb Code   398  main.o(i.main)
    mcuRestart                               0x08005c89   Thumb Code    38  gizwits_product.o(i.mcuRestart)
    pow                                      0x08005cb9   Thumb Code  2512  pow.o(i.pow)
    rbCanRead                                0x08006691   Thumb Code    58  ringbuffer.o(i.rbCanRead)
    rbCanWrite                               0x080066cb   Thumb Code    30  ringbuffer.o(i.rbCanWrite)
    rbCapacity                               0x080066e9   Thumb Code    14  ringbuffer.o(i.rbCapacity)
    rbCreate                                 0x080066f7   Thumb Code    20  ringbuffer.o(i.rbCreate)
    rbRead                                   0x0800670b   Thumb Code   190  ringbuffer.o(i.rbRead)
    rbReadIndicator                          0x080067c9   Thumb Code    30  ringbuffer.o(i.rbReadIndicator)
    rbWrite                                  0x080067e7   Thumb Code   186  ringbuffer.o(i.rbWrite)
    rbWriteIndicator                         0x080068a1   Thumb Code    30  ringbuffer.o(i.rbWriteIndicator)
    settingsThresholdDisplay1                0x080068c1   Thumb Code    60  main.o(i.settingsThresholdDisplay1)
    settingsThresholdDisplay2                0x08006901   Thumb Code    32  main.o(i.settingsThresholdDisplay2)
    sqrt                                     0x08006925   Thumb Code    76  sqrt.o(i.sqrt)
    uartWrite                                0x08006971   Thumb Code   144  gizwits_product.o(i.uartWrite)
    userHandle                               0x08006a25   Thumb Code    74  gizwits_product.o(i.userHandle)
    userInit                                 0x08006a7d   Thumb Code    12  gizwits_product.o(i.userInit)
    __aeabi_d2f                              0x08006a8d   Thumb Code     0  d2f.o(x$fpl$d2f)
    _d2f                                     0x08006a8d   Thumb Code    98  d2f.o(x$fpl$d2f)
    __aeabi_dadd                             0x08006af1   Thumb Code     0  daddsub_clz.o(x$fpl$dadd)
    _dadd                                    0x08006af1   Thumb Code   332  daddsub_clz.o(x$fpl$dadd)
    __fpl_dcheck_NaN1                        0x08006c41   Thumb Code    10  dcheck1.o(x$fpl$dcheck1)
    __fpl_dcmp_Inf                           0x08006c51   Thumb Code    24  dcmpi.o(x$fpl$dcmpinf)
    __aeabi_ddiv                             0x08006c69   Thumb Code     0  ddiv.o(x$fpl$ddiv)
    _ddiv                                    0x08006c69   Thumb Code   552  ddiv.o(x$fpl$ddiv)
    __aeabi_d2uiz                            0x08006f19   Thumb Code     0  dfixu.o(x$fpl$dfixu)
    _dfixu                                   0x08006f19   Thumb Code    90  dfixu.o(x$fpl$dfixu)
    __aeabi_i2d                              0x08006f73   Thumb Code     0  dflt_clz.o(x$fpl$dflt)
    _dflt                                    0x08006f73   Thumb Code    46  dflt_clz.o(x$fpl$dflt)
    __aeabi_ui2d                             0x08006fa1   Thumb Code     0  dflt_clz.o(x$fpl$dfltu)
    _dfltu                                   0x08006fa1   Thumb Code    38  dflt_clz.o(x$fpl$dfltu)
    __aeabi_cdcmple                          0x08006fc9   Thumb Code     0  dleqf.o(x$fpl$dleqf)
    _dcmple                                  0x08006fc9   Thumb Code   120  dleqf.o(x$fpl$dleqf)
    __fpl_dcmple_InfNaN                      0x0800702b   Thumb Code     0  dleqf.o(x$fpl$dleqf)
    __aeabi_dmul                             0x08007041   Thumb Code     0  dmul.o(x$fpl$dmul)
    _dmul                                    0x08007041   Thumb Code   332  dmul.o(x$fpl$dmul)
    __fpl_dnaninf                            0x08007195   Thumb Code   156  dnaninf.o(x$fpl$dnaninf)
    __fpl_dretinf                            0x08007231   Thumb Code    12  dretinf.o(x$fpl$dretinf)
    __aeabi_cdrcmple                         0x0800723d   Thumb Code     0  drleqf.o(x$fpl$drleqf)
    _drcmple                                 0x0800723d   Thumb Code   108  drleqf.o(x$fpl$drleqf)
    __aeabi_drsub                            0x080072a9   Thumb Code     0  daddsub_clz.o(x$fpl$drsb)
    _drsb                                    0x080072a9   Thumb Code    22  daddsub_clz.o(x$fpl$drsb)
    _dsqrt                                   0x080072c1   Thumb Code   456  dsqrt_noumaal.o(x$fpl$dsqrt)
    __aeabi_dsub                             0x0800748d   Thumb Code     0  daddsub_clz.o(x$fpl$dsub)
    _dsub                                    0x0800748d   Thumb Code   464  daddsub_clz.o(x$fpl$dsub)
    __aeabi_f2d                              0x08007661   Thumb Code     0  f2d.o(x$fpl$f2d)
    _f2d                                     0x08007661   Thumb Code    86  f2d.o(x$fpl$f2d)
    __aeabi_fadd                             0x080076b9   Thumb Code     0  faddsub_clz.o(x$fpl$fadd)
    _fadd                                    0x080076b9   Thumb Code   196  faddsub_clz.o(x$fpl$fadd)
    __fpl_fcmp_Inf                           0x0800777d   Thumb Code    24  fcmpi.o(x$fpl$fcmpinf)
    __aeabi_fdiv                             0x08007795   Thumb Code     0  fdiv.o(x$fpl$fdiv)
    _fdiv                                    0x08007795   Thumb Code   384  fdiv.o(x$fpl$fdiv)
    __aeabi_f2uiz                            0x08007919   Thumb Code     0  ffixu.o(x$fpl$ffixu)
    _ffixu                                   0x08007919   Thumb Code    62  ffixu.o(x$fpl$ffixu)
    __aeabi_ui2f                             0x08007959   Thumb Code     0  fflt_clz.o(x$fpl$ffltu)
    _ffltu                                   0x08007959   Thumb Code    38  fflt_clz.o(x$fpl$ffltu)
    __aeabi_cfcmple                          0x08007981   Thumb Code     0  fleqf.o(x$fpl$fleqf)
    _fcmple                                  0x08007981   Thumb Code   104  fleqf.o(x$fpl$fleqf)
    __fpl_fcmple_InfNaN                      0x080079d3   Thumb Code     0  fleqf.o(x$fpl$fleqf)
    __aeabi_fmul                             0x080079e9   Thumb Code     0  fmul.o(x$fpl$fmul)
    _fmul                                    0x080079e9   Thumb Code   258  fmul.o(x$fpl$fmul)
    __fpl_fnaninf                            0x08007aeb   Thumb Code   140  fnaninf.o(x$fpl$fnaninf)
    __fpl_fretinf                            0x08007b77   Thumb Code    10  fretinf.o(x$fpl$fretinf)
    __aeabi_frsub                            0x08007b81   Thumb Code     0  faddsub_clz.o(x$fpl$frsb)
    _frsb                                    0x08007b81   Thumb Code    20  faddsub_clz.o(x$fpl$frsb)
    __aeabi_fsub                             0x08007b95   Thumb Code     0  faddsub_clz.o(x$fpl$fsub)
    _fsub                                    0x08007b95   Thumb Code   234  faddsub_clz.o(x$fpl$fsub)
    __fpl_return_NaN                         0x08007c7f   Thumb Code   100  retnan.o(x$fpl$retnan)
    __ARM_scalbn                             0x08007ce3   Thumb Code    92  scalbn.o(x$fpl$scalbn)
    __fpl_cmpreturn                          0x08007d3f   Thumb Code    48  trapv.o(x$fpl$trapveneer)
    OLED_F8x16                               0x08007d6e   Data        1520  oled.o(.constdata)
    __I$use$fp                               0x08007d6e   Number         0  usenofp.o(x$fpl$usenofp)
    Hzk1                                     0x0800835e   Data         960  oled.o(.constdata)
    __mathlib_zero                           0x080087e0   Data           8  qnan.o(.constdata)
    Region$$Table$$Base                      0x080087e8   Number         0  anon$$obj.o(Region$$Table)
    Region$$Table$$Limit                     0x08008808   Number         0  anon$$obj.o(Region$$Table)
    Sensorthreshold                          0x20000014   Data           8  main.o(.data)
    menu                                     0x2000001c   Data           1  main.o(.data)
    OLED_Clear_Flag                          0x2000001d   Data           1  main.o(.data)
    mode                                     0x2000001e   Data           1  main.o(.data)
    MenuPages                                0x2000001f   Data           1  main.o(.data)
    Buzzer_Flag                              0x20000021   Data           1  buzzer.o(.data)
    Time                                     0x20000022   Data           1  dht11.o(.data)
    DS18B20_750ms_Flag                       0x20000024   Data           2  ds18b20.o(.data)
    ds18b20_time                             0x20000026   Data           2  ds18b20.o(.data)
    key1_long_flag                           0x20000028   Data           1  key.o(.data)
    key2_long_flag                           0x20000029   Data           1  key.o(.data)
    key3_long_flag                           0x2000002a   Data           1  key.o(.data)
    key4_long_flag                           0x2000002b   Data           1  key.o(.data)
    key1_lock_flag                           0x2000002c   Data           1  key.o(.data)
    key2_lock_flag                           0x2000002d   Data           1  key.o(.data)
    key3_lock_flag                           0x2000002e   Data           1  key.o(.data)
    key4_lock_flag                           0x2000002f   Data           1  key.o(.data)
    key1_cnt                                 0x20000030   Data           2  key.o(.data)
    key2_cnt                                 0x20000032   Data           2  key.o(.data)
    key3_cnt                                 0x20000034   Data           2  key.o(.data)
    key4_cnt                                 0x20000036   Data           2  key.o(.data)
    key1_cnt2                                0x20000038   Data           2  key.o(.data)
    key2_cnt2                                0x2000003a   Data           2  key.o(.data)
    key3_cnt2                                0x2000003c   Data           2  key.o(.data)
    key4_cnt2                                0x2000003e   Data           2  key.o(.data)
    KeyNum                                   0x20000040   Data           1  key.o(.data)
    FLAG                                     0x20000041   Data           1  motor.o(.data)
    __stdout                                 0x20000044   Data           4  usart.o(.data)
    USART_RX_STA                             0x20000048   Data           2  usart.o(.data)
    Usart3_RxPacket                          0x2000004a   Data           6  usart3.o(.data)
    Usart3_RxFlag                            0x20000050   Data           1  usart3.o(.data)
    aRxBuffer                                0x20000058   Data           1  gizwits_product.o(.data)
    motorFlag                                0x20000059   Data           1  gizwits_product.o(.data)
    sensorData                               0x2000006c   Data          12  main.o(.bss)
    currentDataPoint                         0x20000078   Data          33  gizwits_product.o(.bss)
    gizwitsProtocol                          0x2000009c   Data        1124  gizwits_protocol.o(.bss)
    pRb                                      0x20000500   Data          16  gizwits_protocol.o(.bss)
    __libspace_start                         0x20000744   Data          96  libspace.o(.bss)
    __temporary_stack_top$libspace           0x200007a4   Data           0  libspace.o(.bss)



==============================================================================

Memory Map of the image

  Image Entry point : 0x080000ed

  Load Region LR_IROM1 (Base: 0x08000000, Size: 0x00008874, Max: 0x00010000, ABSOLUTE)

    Execution Region ER_IROM1 (Exec base: 0x08000000, Load base: 0x08000000, Size: 0x00008808, Max: 0x00010000, ABSOLUTE)

    Exec Addr    Load Addr    Size         Type   Attr      Idx    E Section Name        Object

    0x08000000   0x08000000   0x000000ec   Data   RO            3    RESET               startup_stm32f10x_md.o
    0x080000ec   0x080000ec   0x00000008   Code   RO         4741  * !!!main             c_w.l(__main.o)
    0x080000f4   0x080000f4   0x00000034   Code   RO         5092    !!!scatter          c_w.l(__scatter.o)
    0x08000128   0x08000128   0x0000001a   Code   RO         5094    !!handler_copy      c_w.l(__scatter_copy.o)
    0x08000142   0x08000142   0x00000002   PAD
    0x08000144   0x08000144   0x0000001c   Code   RO         5096    !!handler_zi        c_w.l(__scatter_zi.o)
    0x08000160   0x08000160   0x00000000   Code   RO         4726    .ARM.Collect$$_printf_percent$$00000000  c_w.l(_printf_percent.o)
    0x08000160   0x08000160   0x00000006   Code   RO         4725    .ARM.Collect$$_printf_percent$$00000009  c_w.l(_printf_d.o)
    0x08000166   0x08000166   0x00000006   Code   RO         4724    .ARM.Collect$$_printf_percent$$0000000C  c_w.l(_printf_x.o)
    0x0800016c   0x0800016c   0x00000004   Code   RO         4833    .ARM.Collect$$_printf_percent$$00000017  c_w.l(_printf_percent_end.o)
    0x08000170   0x08000170   0x00000002   Code   RO         5020    .ARM.Collect$$libinit$$00000000  c_w.l(libinit.o)
    0x08000172   0x08000172   0x00000000   Code   RO         4943    .ARM.Collect$$libinit$$00000002  c_w.l(libinit2.o)
    0x08000172   0x08000172   0x00000000   Code   RO         4945    .ARM.Collect$$libinit$$00000004  c_w.l(libinit2.o)
    0x08000172   0x08000172   0x00000000   Code   RO         4948    .ARM.Collect$$libinit$$0000000A  c_w.l(libinit2.o)
    0x08000172   0x08000172   0x00000000   Code   RO         4950    .ARM.Collect$$libinit$$0000000C  c_w.l(libinit2.o)
    0x08000172   0x08000172   0x00000000   Code   RO         4952    .ARM.Collect$$libinit$$0000000E  c_w.l(libinit2.o)
    0x08000172   0x08000172   0x00000000   Code   RO         4955    .ARM.Collect$$libinit$$00000011  c_w.l(libinit2.o)
    0x08000172   0x08000172   0x00000000   Code   RO         4957    .ARM.Collect$$libinit$$00000013  c_w.l(libinit2.o)
    0x08000172   0x08000172   0x00000000   Code   RO         4959    .ARM.Collect$$libinit$$00000015  c_w.l(libinit2.o)
    0x08000172   0x08000172   0x00000000   Code   RO         4961    .ARM.Collect$$libinit$$00000017  c_w.l(libinit2.o)
    0x08000172   0x08000172   0x00000000   Code   RO         4963    .ARM.Collect$$libinit$$00000019  c_w.l(libinit2.o)
    0x08000172   0x08000172   0x00000000   Code   RO         4965    .ARM.Collect$$libinit$$0000001B  c_w.l(libinit2.o)
    0x08000172   0x08000172   0x00000000   Code   RO         4967    .ARM.Collect$$libinit$$0000001D  c_w.l(libinit2.o)
    0x08000172   0x08000172   0x00000000   Code   RO         4969    .ARM.Collect$$libinit$$0000001F  c_w.l(libinit2.o)
    0x08000172   0x08000172   0x00000000   Code   RO         4971    .ARM.Collect$$libinit$$00000021  c_w.l(libinit2.o)
    0x08000172   0x08000172   0x00000000   Code   RO         4973    .ARM.Collect$$libinit$$00000023  c_w.l(libinit2.o)
    0x08000172   0x08000172   0x00000000   Code   RO         4975    .ARM.Collect$$libinit$$00000025  c_w.l(libinit2.o)
    0x08000172   0x08000172   0x00000000   Code   RO         4979    .ARM.Collect$$libinit$$0000002C  c_w.l(libinit2.o)
    0x08000172   0x08000172   0x00000000   Code   RO         4981    .ARM.Collect$$libinit$$0000002E  c_w.l(libinit2.o)
    0x08000172   0x08000172   0x00000000   Code   RO         4983    .ARM.Collect$$libinit$$00000030  c_w.l(libinit2.o)
    0x08000172   0x08000172   0x00000000   Code   RO         4985    .ARM.Collect$$libinit$$00000032  c_w.l(libinit2.o)
    0x08000172   0x08000172   0x00000002   Code   RO         4986    .ARM.Collect$$libinit$$00000033  c_w.l(libinit2.o)
    0x08000174   0x08000174   0x00000002   Code   RO         5089    .ARM.Collect$$libshutdown$$00000000  c_w.l(libshutdown.o)
    0x08000176   0x08000176   0x00000000   Code   RO         5043    .ARM.Collect$$libshutdown$$00000002  c_w.l(libshutdown2.o)
    0x08000176   0x08000176   0x00000000   Code   RO         5045    .ARM.Collect$$libshutdown$$00000004  c_w.l(libshutdown2.o)
    0x08000176   0x08000176   0x00000000   Code   RO         5048    .ARM.Collect$$libshutdown$$00000007  c_w.l(libshutdown2.o)
    0x08000176   0x08000176   0x00000000   Code   RO         5051    .ARM.Collect$$libshutdown$$0000000A  c_w.l(libshutdown2.o)
    0x08000176   0x08000176   0x00000000   Code   RO         5053    .ARM.Collect$$libshutdown$$0000000C  c_w.l(libshutdown2.o)
    0x08000176   0x08000176   0x00000000   Code   RO         5056    .ARM.Collect$$libshutdown$$0000000F  c_w.l(libshutdown2.o)
    0x08000176   0x08000176   0x00000002   Code   RO         5057    .ARM.Collect$$libshutdown$$00000010  c_w.l(libshutdown2.o)
    0x08000178   0x08000178   0x00000000   Code   RO         4797    .ARM.Collect$$rtentry$$00000000  c_w.l(__rtentry.o)
    0x08000178   0x08000178   0x00000000   Code   RO         4890    .ARM.Collect$$rtentry$$00000002  c_w.l(__rtentry2.o)
    0x08000178   0x08000178   0x00000006   Code   RO         4902    .ARM.Collect$$rtentry$$00000004  c_w.l(__rtentry4.o)
    0x0800017e   0x0800017e   0x00000000   Code   RO         4892    .ARM.Collect$$rtentry$$00000009  c_w.l(__rtentry2.o)
    0x0800017e   0x0800017e   0x00000004   Code   RO         4893    .ARM.Collect$$rtentry$$0000000A  c_w.l(__rtentry2.o)
    0x08000182   0x08000182   0x00000000   Code   RO         4895    .ARM.Collect$$rtentry$$0000000C  c_w.l(__rtentry2.o)
    0x08000182   0x08000182   0x00000008   Code   RO         4896    .ARM.Collect$$rtentry$$0000000D  c_w.l(__rtentry2.o)
    0x0800018a   0x0800018a   0x00000002   Code   RO         5028    .ARM.Collect$$rtexit$$00000000  c_w.l(rtexit.o)
    0x0800018c   0x0800018c   0x00000000   Code   RO         5063    .ARM.Collect$$rtexit$$00000002  c_w.l(rtexit2.o)
    0x0800018c   0x0800018c   0x00000004   Code   RO         5064    .ARM.Collect$$rtexit$$00000003  c_w.l(rtexit2.o)
    0x08000190   0x08000190   0x00000006   Code   RO         5065    .ARM.Collect$$rtexit$$00000004  c_w.l(rtexit2.o)
    0x08000196   0x08000196   0x00000002   PAD
    0x08000198   0x08000198   0x00000040   Code   RO            4    .text               startup_stm32f10x_md.o
    0x080001d8   0x080001d8   0x00000002   Code   RO         4613    .text               c_w.l(use_no_semi_2.o)
    0x080001da   0x080001da   0x0000004e   Code   RO         4617    .text               c_w.l(h1_free.o)
    0x08000228   0x08000228   0x00000018   Code   RO         4675    .text               c_w.l(noretval__2printf.o)
    0x08000240   0x08000240   0x0000004e   Code   RO         4679    .text               c_w.l(_printf_pad.o)
    0x0800028e   0x0800028e   0x00000002   PAD
    0x08000290   0x08000290   0x00000078   Code   RO         4681    .text               c_w.l(_printf_dec.o)
    0x08000308   0x08000308   0x00000058   Code   RO         4686    .text               c_w.l(_printf_hex_int.o)
    0x08000360   0x08000360   0x00000138   Code   RO         4716    .text               c_w.l(__printf_flags_wp.o)
    0x08000498   0x08000498   0x0000008a   Code   RO         4729    .text               c_w.l(rt_memcpy_v6.o)
    0x08000522   0x08000522   0x00000064   Code   RO         4731    .text               c_w.l(rt_memcpy_w.o)
    0x08000586   0x08000586   0x00000010   Code   RO         4733    .text               c_w.l(aeabi_memset.o)
    0x08000596   0x08000596   0x00000044   Code   RO         4735    .text               c_w.l(rt_memclr.o)
    0x080005da   0x080005da   0x0000004e   Code   RO         4737    .text               c_w.l(rt_memclr_w.o)
    0x08000628   0x08000628   0x00000006   Code   RO         4739    .text               c_w.l(heapauxi.o)
    0x0800062e   0x0800062e   0x00000002   Code   RO         4793    .text               c_w.l(use_no_semi.o)
    0x08000630   0x08000630   0x00000008   Code   RO         4803    .text               c_w.l(rt_heap_descriptor_intlibspace.o)
    0x08000638   0x08000638   0x00000016   Code   RO         4827    .text               c_w.l(_rserrno.o)
    0x0800064e   0x0800064e   0x000000b2   Code   RO         4829    .text               c_w.l(_printf_intcommon.o)
    0x08000700   0x08000700   0x00000024   Code   RO         4831    .text               c_w.l(_printf_char_file.o)
    0x08000724   0x08000724   0x00000008   Code   RO         4886    .text               c_w.l(libspace.o)
    0x0800072c   0x0800072c   0x00000008   Code   RO         4912    .text               c_w.l(rt_errno_addr_intlibspace.o)
    0x08000734   0x08000734   0x00000030   Code   RO         4924    .text               c_w.l(_printf_char_common.o)
    0x08000764   0x08000764   0x00000008   Code   RO         4926    .text               c_w.l(ferror.o)
    0x0800076c   0x0800076c   0x0000004a   Code   RO         4995    .text               c_w.l(sys_stackheap_outer.o)
    0x080007b6   0x080007b6   0x00000012   Code   RO         5005    .text               c_w.l(exit.o)
    0x080007c8   0x080007c8   0x0000006c   Code   RO         3907    i.ADCX_Init         adcx.o
    0x08000834   0x08000834   0x00000016   Code   RO          202    i.ADC_Cmd           stm32f10x_adc.o
    0x0800084a   0x0800084a   0x00000014   Code   RO          210    i.ADC_GetCalibrationStatus  stm32f10x_adc.o
    0x0800085e   0x0800085e   0x00000008   Code   RO          211    i.ADC_GetConversionValue  stm32f10x_adc.o
    0x08000866   0x08000866   0x00000012   Code   RO          213    i.ADC_GetFlagStatus  stm32f10x_adc.o
    0x08000878   0x08000878   0x00000014   Code   RO          216    i.ADC_GetResetCalibrationStatus  stm32f10x_adc.o
    0x0800088c   0x0800088c   0x00000034   Code   RO         3908    i.ADC_GetValue      adcx.o
    0x080008c0   0x080008c0   0x00000050   Code   RO          220    i.ADC_Init          stm32f10x_adc.o
    0x08000910   0x08000910   0x000000b8   Code   RO          224    i.ADC_RegularChannelConfig  stm32f10x_adc.o
    0x080009c8   0x080009c8   0x0000000a   Code   RO          225    i.ADC_ResetCalibration  stm32f10x_adc.o
    0x080009d2   0x080009d2   0x00000016   Code   RO          227    i.ADC_SoftwareStartConvCmd  stm32f10x_adc.o
    0x080009e8   0x080009e8   0x0000000a   Code   RO          229    i.ADC_StartCalibration  stm32f10x_adc.o
    0x080009f2   0x080009f2   0x00000004   Code   RO         3392    i.BusFault_Handler  stm32f10x_it.o
    0x080009f6   0x080009f6   0x00000002   PAD
    0x080009f8   0x080009f8   0x00000034   Code   RO         3455    i.Buzzer_Init       buzzer.o
    0x08000a2c   0x08000a2c   0x0000001c   Code   RO         3456    i.Buzzer_OFF        buzzer.o
    0x08000a48   0x08000a48   0x0000001c   Code   RO         3457    i.Buzzer_ON         buzzer.o
    0x08000a64   0x08000a64   0x00000024   Code   RO         3196    i.CO2GetData        main.o
    0x08000a88   0x08000a88   0x0000000c   Code   RO         3485    i.DHT11_Init        dht11.o
    0x08000a94   0x08000a94   0x00000038   Code   RO         3486    i.DHT11_Mode        dht11.o
    0x08000acc   0x08000acc   0x00000098   Code   RO         3487    i.DHT11_Read_Byte   dht11.o
    0x08000b64   0x08000b64   0x0000006e   Code   RO         3488    i.DHT11_Read_Data   dht11.o
    0x08000bd2   0x08000bd2   0x00000002   PAD
    0x08000bd4   0x08000bd4   0x0000006c   Code   RO         3489    i.DHT11_Sends_Response  dht11.o
    0x08000c40   0x08000c40   0x00000030   Code   RO         3490    i.DHT11_Sends_Start  dht11.o
    0x08000c70   0x08000c70   0x00000054   Code   RO         3537    i.DS18B20_Read_Byte  ds18b20.o
    0x08000cc4   0x08000cc4   0x000000bc   Code   RO         3538    i.DS18B20_Read_Temp  ds18b20.o
    0x08000d80   0x08000d80   0x00000054   Code   RO         3539    i.DS18B20_Write_Byte  ds18b20.o
    0x08000dd4   0x08000dd4   0x0000003c   Code   RO         3540    i.DS18B20_Write_Out_Input  ds18b20.o
    0x08000e10   0x08000e10   0x00000048   Code   RO         3541    i.DS18B20_Write_Reset  ds18b20.o
    0x08000e58   0x08000e58   0x00000002   Code   RO         3393    i.DebugMon_Handler  stm32f10x_it.o
    0x08000e5a   0x08000e5a   0x00000018   Code   RO         3928    i.Delay_ms          delay.o
    0x08000e72   0x08000e72   0x0000002e   Code   RO         3930    i.Delay_us          delay.o
    0x08000ea0   0x08000ea0   0x0000000c   Code   RO         1041    i.FLASH_ClearFlag   stm32f10x_flash.o
    0x08000eac   0x08000eac   0x0000004c   Code   RO         1046    i.FLASH_ErasePage   stm32f10x_flash.o
    0x08000ef8   0x08000ef8   0x00000034   Code   RO         1047    i.FLASH_GetBank1Status  stm32f10x_flash.o
    0x08000f2c   0x08000f2c   0x00000014   Code   RO         1056    i.FLASH_Lock        stm32f10x_flash.o
    0x08000f40   0x08000f40   0x00000040   Code   RO         1059    i.FLASH_ProgramHalfWord  stm32f10x_flash.o
    0x08000f80   0x08000f80   0x00000006   Code   RO         3952    i.FLASH_R           flash.o
    0x08000f86   0x08000f86   0x00000002   PAD
    0x08000f88   0x08000f88   0x00000018   Code   RO         1064    i.FLASH_Unlock      stm32f10x_flash.o
    0x08000fa0   0x08000fa0   0x00000066   Code   RO         3953    i.FLASH_W           flash.o
    0x08001006   0x08001006   0x00000026   Code   RO         1068    i.FLASH_WaitForLastOperation  stm32f10x_flash.o
    0x0800102c   0x0800102c   0x0000000c   Code   RO         4016    i.GENERAL_TIM_Init  tim3.o
    0x08001038   0x08001038   0x00000050   Code   RO         4017    i.GENERAL_TIM_Mode_Config  tim3.o
    0x08001088   0x08001088   0x0000002a   Code   RO         4018    i.GENERAL_TIM_NVIC_Config  tim3.o
    0x080010b2   0x080010b2   0x00000116   Code   RO         1347    i.GPIO_Init         stm32f10x_gpio.o
    0x080011c8   0x080011c8   0x00000090   Code   RO         1349    i.GPIO_PinRemapConfig  stm32f10x_gpio.o
    0x08001258   0x08001258   0x00000012   Code   RO         1351    i.GPIO_ReadInputDataBit  stm32f10x_gpio.o
    0x0800126a   0x0800126a   0x00000004   Code   RO         1354    i.GPIO_ResetBits    stm32f10x_gpio.o
    0x0800126e   0x0800126e   0x00000004   Code   RO         1355    i.GPIO_SetBits      stm32f10x_gpio.o
    0x08001272   0x08001272   0x0000000a   Code   RO         1358    i.GPIO_WriteBit     stm32f10x_gpio.o
    0x0800127c   0x0800127c   0x00000004   Code   RO         3394    i.HardFault_Handler  stm32f10x_it.o
    0x08001280   0x08001280   0x00000010   Code   RO         1665    i.IWDG_Enable       stm32f10x_iwdg.o
    0x08001290   0x08001290   0x00000074   Code   RO         3973    i.IWDG_Init         iwdg.o
    0x08001304   0x08001304   0x00000010   Code   RO         1667    i.IWDG_ReloadCounter  stm32f10x_iwdg.o
    0x08001314   0x08001314   0x0000000c   Code   RO         1668    i.IWDG_SetPrescaler  stm32f10x_iwdg.o
    0x08001320   0x08001320   0x0000000c   Code   RO         1669    i.IWDG_SetReload    stm32f10x_iwdg.o
    0x0800132c   0x0800132c   0x0000000c   Code   RO         1670    i.IWDG_WriteAccessCmd  stm32f10x_iwdg.o
    0x08001338   0x08001338   0x0000002c   Code   RO         3592    i.Key_Init          key.o
    0x08001364   0x08001364   0x000002cc   Code   RO         3593    i.Key_scan          key.o
    0x08001630   0x08001630   0x0000000c   Code   RO         3616    i.LDR_ADC_Read      ldr.o
    0x0800163c   0x0800163c   0x00000026   Code   RO         3617    i.LDR_Average_Data  ldr.o
    0x08001662   0x08001662   0x00000002   PAD
    0x08001664   0x08001664   0x0000002c   Code   RO         3618    i.LDR_Init          ldr.o
    0x08001690   0x08001690   0x00000098   Code   RO         3619    i.LDR_LuxData       ldr.o
    0x08001728   0x08001728   0x00000034   Code   RO         3649    i.LED_Init          led.o
    0x0800175c   0x0800175c   0x00000010   Code   RO         3650    i.LED_OFF           led.o
    0x0800176c   0x0800176c   0x00000010   Code   RO         3651    i.LED_ON            led.o
    0x0800177c   0x0800177c   0x000000b6   Code   RO         3676    i.MOTOR_Direction   motor.o
    0x08001832   0x08001832   0x00000002   PAD
    0x08001834   0x08001834   0x00000044   Code   RO         3677    i.MOTOR_Direction_Angle  motor.o
    0x08001878   0x08001878   0x00000074   Code   RO         3678    i.MOTOR_Init        motor.o
    0x080018ec   0x080018ec   0x000000c8   Code   RO         3679    i.MOTOR_Rhythm_4_1_4  motor.o
    0x080019b4   0x080019b4   0x0000016c   Code   RO         3680    i.MOTOR_Rhythm_4_1_8  motor.o
    0x08001b20   0x08001b20   0x000000c8   Code   RO         3681    i.MOTOR_Rhythm_4_2_4  motor.o
    0x08001be8   0x08001be8   0x00000014   Code   RO         3682    i.MOTOR_STOP        motor.o
    0x08001bfc   0x08001bfc   0x00000004   Code   RO         3395    i.MemManage_Handler  stm32f10x_it.o
    0x08001c00   0x08001c00   0x00000048   Code   RO         3197    i.MotorOperation    main.o
    0x08001c48   0x08001c48   0x00000002   Code   RO         3396    i.NMI_Handler       stm32f10x_it.o
    0x08001c4a   0x08001c4a   0x00000002   PAD
    0x08001c4c   0x08001c4c   0x00000070   Code   RO          137    i.NVIC_Init         misc.o
    0x08001cbc   0x08001cbc   0x00000014   Code   RO          138    i.NVIC_PriorityGroupConfig  misc.o
    0x08001cd0   0x08001cd0   0x0000002a   Code   RO         3730    i.OLED_Clear        oled.o
    0x08001cfa   0x08001cfa   0x00000002   PAD
    0x08001cfc   0x08001cfc   0x0000003c   Code   RO         3731    i.OLED_I2C_Init     oled.o
    0x08001d38   0x08001d38   0x00000050   Code   RO         3732    i.OLED_I2C_SendByte  oled.o
    0x08001d88   0x08001d88   0x00000030   Code   RO         3733    i.OLED_I2C_Start    oled.o
    0x08001db8   0x08001db8   0x00000028   Code   RO         3734    i.OLED_I2C_Stop     oled.o
    0x08001de0   0x08001de0   0x000000ae   Code   RO         3735    i.OLED_Init         oled.o
    0x08001e8e   0x08001e8e   0x00000002   PAD
    0x08001e90   0x08001e90   0x00000108   Code   RO         3198    i.OLED_Menu1        main.o
    0x08001f98   0x08001f98   0x000000f4   Code   RO         3199    i.OLED_Menu2        main.o
    0x0800208c   0x0800208c   0x00000118   Code   RO         3200    i.OLED_Option       main.o
    0x080021a4   0x080021a4   0x00000014   Code   RO         3736    i.OLED_Pow          oled.o
    0x080021b8   0x080021b8   0x00000022   Code   RO         3737    i.OLED_SetCursor    oled.o
    0x080021da   0x080021da   0x00000002   PAD
    0x080021dc   0x080021dc   0x00000074   Code   RO         3739    i.OLED_ShowChar     oled.o
    0x08002250   0x08002250   0x0000006c   Code   RO         3740    i.OLED_ShowChinese  oled.o
    0x080022bc   0x080022bc   0x00000044   Code   RO         3742    i.OLED_ShowNum      oled.o
    0x08002300   0x08002300   0x00000028   Code   RO         3744    i.OLED_ShowString   oled.o
    0x08002328   0x08002328   0x00000020   Code   RO         3745    i.OLED_WriteCommand  oled.o
    0x08002348   0x08002348   0x00000020   Code   RO         3746    i.OLED_WriteData    oled.o
    0x08002368   0x08002368   0x000000cc   Code   RO         3201    i.OLED_settingsPage1  main.o
    0x08002434   0x08002434   0x00000068   Code   RO         3202    i.OLED_settingsPage2  main.o
    0x0800249c   0x0800249c   0x00000002   Code   RO         3397    i.PendSV_Handler    stm32f10x_it.o
    0x0800249e   0x0800249e   0x00000002   PAD
    0x080024a0   0x080024a0   0x00000018   Code   RO         1773    i.RCC_ADCCLKConfig  stm32f10x_rcc.o
    0x080024b8   0x080024b8   0x00000020   Code   RO         1775    i.RCC_APB1PeriphClockCmd  stm32f10x_rcc.o
    0x080024d8   0x080024d8   0x00000020   Code   RO         1777    i.RCC_APB2PeriphClockCmd  stm32f10x_rcc.o
    0x080024f8   0x080024f8   0x00000014   Code   RO         1781    i.RCC_ClearFlag     stm32f10x_rcc.o
    0x0800250c   0x0800250c   0x000000d4   Code   RO         1785    i.RCC_GetClocksFreq  stm32f10x_rcc.o
    0x080025e0   0x080025e0   0x0000003c   Code   RO         1786    i.RCC_GetFlagStatus  stm32f10x_rcc.o
    0x0800261c   0x0800261c   0x0000000c   Code   RO         1794    i.RCC_LSICmd        stm32f10x_rcc.o
    0x08002628   0x08002628   0x00000040   Code   RO         3847    i.Relay_Init        relay.o
    0x08002668   0x08002668   0x00000024   Code   RO         3848    i.Relay_OFF         relay.o
    0x0800268c   0x0800268c   0x00000024   Code   RO         3849    i.Relay_ON          relay.o
    0x080026b0   0x080026b0   0x00000002   Code   RO         3398    i.SVC_Handler       stm32f10x_it.o
    0x080026b2   0x080026b2   0x00000002   PAD
    0x080026b4   0x080026b4   0x00000058   Code   RO         3203    i.SensorDataDisplay1  main.o
    0x0800270c   0x0800270c   0x00000048   Code   RO         3204    i.SensorDataDisplay2  main.o
    0x08002754   0x08002754   0x00000030   Code   RO         3205    i.SensorScan        main.o
    0x08002784   0x08002784   0x00000048   Code   RO         3206    i.SetSelection      main.o
    0x080027cc   0x080027cc   0x00000008   Code   RO           24    i.SetSysClock       system_stm32f10x.o
    0x080027d4   0x080027d4   0x000000e0   Code   RO           25    i.SetSysClockTo72   system_stm32f10x.o
    0x080028b4   0x080028b4   0x00000002   Code   RO         3399    i.SysTick_Handler   stm32f10x_it.o
    0x080028b6   0x080028b6   0x00000002   PAD
    0x080028b8   0x080028b8   0x00000060   Code   RO           27    i.SystemInit        system_stm32f10x.o
    0x08002918   0x08002918   0x000001d4   Code   RO         3992    i.TIM2_IRQHandler   tim2.o
    0x08002aec   0x08002aec   0x00000020   Code   RO         4019    i.TIM3_IRQHandler   tim3.o
    0x08002b0c   0x08002b0c   0x00000006   Code   RO         2415    i.TIM_ClearFlag     stm32f10x_tim.o
    0x08002b12   0x08002b12   0x00000006   Code   RO         2416    i.TIM_ClearITPendingBit  stm32f10x_tim.o
    0x08002b18   0x08002b18   0x00000018   Code   RO         2421    i.TIM_Cmd           stm32f10x_tim.o
    0x08002b30   0x08002b30   0x00000022   Code   RO         2442    i.TIM_GetITStatus   stm32f10x_tim.o
    0x08002b52   0x08002b52   0x00000012   Code   RO         2446    i.TIM_ITConfig      stm32f10x_tim.o
    0x08002b64   0x08002b64   0x000000a4   Code   RO         2492    i.TIM_TimeBaseInit  stm32f10x_tim.o
    0x08002c08   0x08002c08   0x000001f4   Code   RO         3207    i.ThresholdModification  main.o
    0x08002dfc   0x08002dfc   0x0000005e   Code   RO         3993    i.Timer2_Init       tim2.o
    0x08002e5a   0x08002e5a   0x00000002   PAD
    0x08002e5c   0x08002e5c   0x0000001c   Code   RO         4047    i.USART1_IRQHandler  usart.o
    0x08002e78   0x08002e78   0x00000028   Code   RO         4048    i.USART2_IRQHandler  usart.o
    0x08002ea0   0x08002ea0   0x000000e0   Code   RO         4100    i.USART3_IRQHandler  usart3.o
    0x08002f80   0x08002f80   0x0000001e   Code   RO         2957    i.USART_ClearITPendingBit  stm32f10x_usart.o
    0x08002f9e   0x08002f9e   0x00000018   Code   RO         2960    i.USART_Cmd         stm32f10x_usart.o
    0x08002fb6   0x08002fb6   0x0000001a   Code   RO         2963    i.USART_GetFlagStatus  stm32f10x_usart.o
    0x08002fd0   0x08002fd0   0x00000054   Code   RO         2964    i.USART_GetITStatus  stm32f10x_usart.o
    0x08003024   0x08003024   0x0000004a   Code   RO         2966    i.USART_ITConfig    stm32f10x_usart.o
    0x0800306e   0x0800306e   0x00000002   PAD
    0x08003070   0x08003070   0x000000d8   Code   RO         2967    i.USART_Init        stm32f10x_usart.o
    0x08003148   0x08003148   0x0000000a   Code   RO         2974    i.USART_ReceiveData  stm32f10x_usart.o
    0x08003152   0x08003152   0x00000008   Code   RO         2977    i.USART_SendData    stm32f10x_usart.o
    0x0800315a   0x0800315a   0x00000002   PAD
    0x0800315c   0x0800315c   0x000000a4   Code   RO         4049    i.Uart1_Init        usart.o
    0x08003200   0x08003200   0x000000a4   Code   RO         4050    i.Uart2_Init        usart.o
    0x080032a4   0x080032a4   0x000000ac   Code   RO         4101    i.Uart3_Init        usart3.o
    0x08003350   0x08003350   0x00000004   Code   RO         3400    i.UsageFault_Handler  stm32f10x_it.o
    0x08003354   0x08003354   0x0000000c   Code   RO         3874    i.YL69_ADC_Read     yl_69.o
    0x08003360   0x08003360   0x00000026   Code   RO         3875    i.YL69_Average_Data  yl_69.o
    0x08003386   0x08003386   0x00000002   PAD
    0x08003388   0x08003388   0x0000002c   Code   RO         3876    i.YL69_Init         yl_69.o
    0x080033b4   0x080033b4   0x00000044   Code   RO         3877    i.YL69_PercentageData  yl_69.o
    0x080033f8   0x080033f8   0x00000028   Code   RO         4873    i.__ARM_fpclassify  m_ws.l(fpclassify.o)
    0x08003420   0x08003420   0x000000aa   Code   RO         4875    i.__kernel_poly     m_ws.l(poly.o)
    0x080034ca   0x080034ca   0x00000002   PAD
    0x080034cc   0x080034cc   0x00000010   Code   RO         4859    i.__mathlib_dbl_divzero  m_ws.l(dunder.o)
    0x080034dc   0x080034dc   0x00000004   Code   RO         4861    i.__mathlib_dbl_infnan2  m_ws.l(dunder.o)
    0x080034e0   0x080034e0   0x0000000c   Code   RO         4862    i.__mathlib_dbl_invalid  m_ws.l(dunder.o)
    0x080034ec   0x080034ec   0x0000000e   Code   RO         4863    i.__mathlib_dbl_overflow  m_ws.l(dunder.o)
    0x080034fa   0x080034fa   0x00000002   PAD
    0x080034fc   0x080034fc   0x00000010   Code   RO         4865    i.__mathlib_dbl_underflow  m_ws.l(dunder.o)
    0x0800350c   0x0800350c   0x0000000e   Code   RO         4714    i._is_digit         c_w.l(__printf_wp.o)
    0x0800351a   0x0800351a   0x00000004   Code   RO         4051    i._sys_exit         usart.o
    0x0800351e   0x0800351e   0x00000050   Code   RO         4186    i.calculateDynamicBitPartLen  gizwits_protocol.o
    0x0800356e   0x0800356e   0x0000001a   Code   RO         4356    i.exchangeBytes     common.o
    0x08003588   0x08003588   0x0000001a   Code   RO         4357    i.exchangeWord      common.o
    0x080035a2   0x080035a2   0x00000002   PAD
    0x080035a4   0x080035a4   0x0000001c   Code   RO         4052    i.fputc             usart.o
    0x080035c0   0x080035c0   0x0000002a   Code   RO         4428    i.gizAcrossByteJudge  datapointtools.o
    0x080035ea   0x080035ea   0x00000032   Code   RO         4429    i.gizByteOrderExchange  datapointtools.o
    0x0800361c   0x0800361c   0x00000398   Code   RO         4187    i.gizCheckReport    gizwits_protocol.o
    0x080039b4   0x080039b4   0x00000194   Code   RO         4188    i.gizDataPoint2Event  gizwits_protocol.o
    0x08003b48   0x08003b48   0x000002b0   Code   RO         4189    i.gizDataPoints2ReportData  gizwits_protocol.o
    0x08003df8   0x08003df8   0x000000e4   Code   RO         4190    i.gizDevReportPolicy  gizwits_protocol.o
    0x08003edc   0x08003edc   0x0000000c   Code   RO         4124    i.gizGetTimerCount  gizwits_product.o
    0x08003ee8   0x08003ee8   0x00000090   Code   RO         4191    i.gizProtocolAckHandle  gizwits_protocol.o
    0x08003f78   0x08003f78   0x000000a0   Code   RO         4192    i.gizProtocolCommonAck  gizwits_protocol.o
    0x08004018   0x08004018   0x000000a4   Code   RO         4193    i.gizProtocolErrorCmd  gizwits_protocol.o
    0x080040bc   0x080040bc   0x00000174   Code   RO         4194    i.gizProtocolGetDeviceInfo  gizwits_protocol.o
    0x08004230   0x08004230   0x00000200   Code   RO         4195    i.gizProtocolGetOnePacket  gizwits_protocol.o
    0x08004430   0x08004430   0x00000050   Code   RO         4196    i.gizProtocolHeadInit  gizwits_protocol.o
    0x08004480   0x08004480   0x00000144   Code   RO         4197    i.gizProtocolIssuedDataAck  gizwits_protocol.o
    0x080045c4   0x080045c4   0x0000017c   Code   RO         4198    i.gizProtocolIssuedProcess  gizwits_protocol.o
    0x08004740   0x08004740   0x0000005c   Code   RO         4199    i.gizProtocolModuleInfoHandle  gizwits_protocol.o
    0x0800479c   0x0800479c   0x00000524   Code   RO         4200    i.gizProtocolModuleStatus  gizwits_protocol.o
    0x08004cc0   0x08004cc0   0x0000008c   Code   RO         4201    i.gizProtocolNTP    gizwits_protocol.o
    0x08004d4c   0x08004d4c   0x0000001c   Code   RO         4202    i.gizProtocolReboot  gizwits_protocol.o
    0x08004d68   0x08004d68   0x00000080   Code   RO         4203    i.gizProtocolResendData  gizwits_protocol.o
    0x08004de8   0x08004de8   0x00000026   Code   RO         4359    i.gizProtocolSum    common.o
    0x08004e0e   0x08004e0e   0x00000002   PAD
    0x08004e10   0x08004e10   0x00000064   Code   RO         4204    i.gizProtocolWaitAck  gizwits_protocol.o
    0x08004e74   0x08004e74   0x0000004c   Code   RO         4205    i.gizProtocolWaitAckCheck  gizwits_protocol.o
    0x08004ec0   0x08004ec0   0x00000074   Code   RO         4206    i.gizPutData        gizwits_protocol.o
    0x08004f34   0x08004f34   0x000000f8   Code   RO         4207    i.gizReportData     gizwits_protocol.o
    0x0800502c   0x0800502c   0x00000010   Code   RO         4125    i.gizTimerMs        gizwits_product.o
    0x0800503c   0x0800503c   0x0000007c   Code   RO         4432    i.gizVarlenCompressValue  datapointtools.o
    0x080050b8   0x080050b8   0x000000c4   Code   RO         4433    i.gizVarlenDecompressionValue  datapointtools.o
    0x0800517c   0x0800517c   0x0000000e   Code   RO         4436    i.gizY2X            datapointtools.o
    0x0800518a   0x0800518a   0x00000002   PAD
    0x0800518c   0x0800518c   0x000002ec   Code   RO         4126    i.gizwitsEventProcess  gizwits_product.o
    0x08005478   0x08005478   0x0000037c   Code   RO         4210    i.gizwitsHandle     gizwits_protocol.o
    0x080057f4   0x080057f4   0x00000064   Code   RO         4211    i.gizwitsInit       gizwits_protocol.o
    0x08005858   0x08005858   0x00000288   Code   RO         4213    i.gizwitsSetMode    gizwits_protocol.o
    0x08005ae0   0x08005ae0   0x000001a8   Code   RO         3208    i.main              main.o
    0x08005c88   0x08005c88   0x00000030   Code   RO         4127    i.mcuRestart        gizwits_product.o
    0x08005cb8   0x08005cb8   0x000009d8   Code   RO         4784    i.pow               m_ws.l(pow.o)
    0x08006690   0x08006690   0x0000003a   Code   RO         4548    i.rbCanRead         ringbuffer.o
    0x080066ca   0x080066ca   0x0000001e   Code   RO         4549    i.rbCanWrite        ringbuffer.o
    0x080066e8   0x080066e8   0x0000000e   Code   RO         4550    i.rbCapacity        ringbuffer.o
    0x080066f6   0x080066f6   0x00000014   Code   RO         4551    i.rbCreate          ringbuffer.o
    0x0800670a   0x0800670a   0x000000be   Code   RO         4553    i.rbRead            ringbuffer.o
    0x080067c8   0x080067c8   0x0000001e   Code   RO         4554    i.rbReadIndicator   ringbuffer.o
    0x080067e6   0x080067e6   0x000000ba   Code   RO         4555    i.rbWrite           ringbuffer.o
    0x080068a0   0x080068a0   0x0000001e   Code   RO         4556    i.rbWriteIndicator  ringbuffer.o
    0x080068be   0x080068be   0x00000002   PAD
    0x080068c0   0x080068c0   0x00000040   Code   RO         3209    i.settingsThresholdDisplay1  main.o
    0x08006900   0x08006900   0x00000024   Code   RO         3210    i.settingsThresholdDisplay2  main.o
    0x08006924   0x08006924   0x0000004c   Code   RO         4879    i.sqrt              m_ws.l(sqrt.o)
    0x08006970   0x08006970   0x000000b4   Code   RO         4128    i.uartWrite         gizwits_product.o
    0x08006a24   0x08006a24   0x00000058   Code   RO         4129    i.userHandle        gizwits_product.o
    0x08006a7c   0x08006a7c   0x00000010   Code   RO         4130    i.userInit          gizwits_product.o
    0x08006a8c   0x08006a8c   0x00000062   Code   RO         4743    x$fpl$d2f           fz_ws.l(d2f.o)
    0x08006aee   0x08006aee   0x00000002   PAD
    0x08006af0   0x08006af0   0x00000150   Code   RO         4834    x$fpl$dadd          fz_ws.l(daddsub_clz.o)
    0x08006c40   0x08006c40   0x00000010   Code   RO         4987    x$fpl$dcheck1       fz_ws.l(dcheck1.o)
    0x08006c50   0x08006c50   0x00000018   Code   RO         5021    x$fpl$dcmpinf       fz_ws.l(dcmpi.o)
    0x08006c68   0x08006c68   0x000002b0   Code   RO         4841    x$fpl$ddiv          fz_ws.l(ddiv.o)
    0x08006f18   0x08006f18   0x0000005a   Code   RO         4745    x$fpl$dfixu         fz_ws.l(dfixu.o)
    0x08006f72   0x08006f72   0x0000002e   Code   RO         4750    x$fpl$dflt          fz_ws.l(dflt_clz.o)
    0x08006fa0   0x08006fa0   0x00000026   Code   RO         4749    x$fpl$dfltu         fz_ws.l(dflt_clz.o)
    0x08006fc6   0x08006fc6   0x00000002   PAD
    0x08006fc8   0x08006fc8   0x00000078   Code   RO         4989    x$fpl$dleqf         fz_ws.l(dleqf.o)
    0x08007040   0x08007040   0x00000154   Code   RO         4755    x$fpl$dmul          fz_ws.l(dmul.o)
    0x08007194   0x08007194   0x0000009c   Code   RO         4844    x$fpl$dnaninf       fz_ws.l(dnaninf.o)
    0x08007230   0x08007230   0x0000000c   Code   RO         4846    x$fpl$dretinf       fz_ws.l(dretinf.o)
    0x0800723c   0x0800723c   0x0000006c   Code   RO         4848    x$fpl$drleqf        fz_ws.l(drleqf.o)
    0x080072a8   0x080072a8   0x00000016   Code   RO         4835    x$fpl$drsb          fz_ws.l(daddsub_clz.o)
    0x080072be   0x080072be   0x00000002   PAD
    0x080072c0   0x080072c0   0x000001cc   Code   RO         4991    x$fpl$dsqrt         fz_ws.l(dsqrt_noumaal.o)
    0x0800748c   0x0800748c   0x000001d4   Code   RO         4836    x$fpl$dsub          fz_ws.l(daddsub_clz.o)
    0x08007660   0x08007660   0x00000056   Code   RO         4757    x$fpl$f2d           fz_ws.l(f2d.o)
    0x080076b6   0x080076b6   0x00000002   PAD
    0x080076b8   0x080076b8   0x000000c4   Code   RO         4759    x$fpl$fadd          fz_ws.l(faddsub_clz.o)
    0x0800777c   0x0800777c   0x00000018   Code   RO         4850    x$fpl$fcmpinf       fz_ws.l(fcmpi.o)
    0x08007794   0x08007794   0x00000184   Code   RO         4766    x$fpl$fdiv          fz_ws.l(fdiv.o)
    0x08007918   0x08007918   0x0000003e   Code   RO         4769    x$fpl$ffixu         fz_ws.l(ffixu.o)
    0x08007956   0x08007956   0x00000002   PAD
    0x08007958   0x08007958   0x00000026   Code   RO         4773    x$fpl$ffltu         fz_ws.l(fflt_clz.o)
    0x0800797e   0x0800797e   0x00000002   PAD
    0x08007980   0x08007980   0x00000068   Code   RO         4779    x$fpl$fleqf         fz_ws.l(fleqf.o)
    0x080079e8   0x080079e8   0x00000102   Code   RO         4781    x$fpl$fmul          fz_ws.l(fmul.o)
    0x08007aea   0x08007aea   0x0000008c   Code   RO         4852    x$fpl$fnaninf       fz_ws.l(fnaninf.o)
    0x08007b76   0x08007b76   0x0000000a   Code   RO         4854    x$fpl$fretinf       fz_ws.l(fretinf.o)
    0x08007b80   0x08007b80   0x00000014   Code   RO         4760    x$fpl$frsb          fz_ws.l(faddsub_clz.o)
    0x08007b94   0x08007b94   0x000000ea   Code   RO         4761    x$fpl$fsub          fz_ws.l(faddsub_clz.o)
    0x08007c7e   0x08007c7e   0x00000064   Code   RO         5025    x$fpl$retnan        fz_ws.l(retnan.o)
    0x08007ce2   0x08007ce2   0x0000005c   Code   RO         4856    x$fpl$scalbn        fz_ws.l(scalbn.o)
    0x08007d3e   0x08007d3e   0x00000030   Code   RO         5058    x$fpl$trapveneer    fz_ws.l(trapv.o)
    0x08007d6e   0x08007d6e   0x00000000   Code   RO         4858    x$fpl$usenofp       fz_ws.l(usenofp.o)
    0x08007d6e   0x08007d6e   0x000009b0   Data   RO         3747    .constdata          oled.o
    0x0800871e   0x0800871e   0x00000028   Data   RO         4687    .constdata          c_w.l(_printf_hex_int.o)
    0x08008746   0x08008746   0x00000011   Data   RO         4717    .constdata          c_w.l(__printf_flags_wp.o)
    0x08008757   0x08008757   0x00000001   PAD
    0x08008758   0x08008758   0x00000088   Data   RO         4785    .constdata          m_ws.l(pow.o)
    0x080087e0   0x080087e0   0x00000008   Data   RO         4877    .constdata          m_ws.l(qnan.o)
    0x080087e8   0x080087e8   0x00000020   Data   RO         5090    Region$$Table       anon$$obj.o


    Execution Region RW_IRAM1 (Exec base: 0x20000000, Load base: 0x08008808, Size: 0x00000da8, Max: 0x00005000, ABSOLUTE)

    Exec Addr    Load Addr    Size         Type   Attr      Idx    E Section Name        Object

    0x20000000   0x08008808   0x00000014   Data   RW         1805    .data               stm32f10x_rcc.o
    0x20000014   0x0800881c   0x0000000d   Data   RW         3212    .data               main.o
    0x20000021   0x08008829   0x00000001   Data   RW         3458    .data               buzzer.o
    0x20000022   0x0800882a   0x00000001   Data   RW         3491    .data               dht11.o
    0x20000023   0x0800882b   0x00000001   PAD
    0x20000024   0x0800882c   0x00000004   Data   RW         3542    .data               ds18b20.o
    0x20000028   0x08008830   0x00000019   Data   RW         3594    .data               key.o
    0x20000041   0x08008849   0x00000001   Data   RW         3683    .data               motor.o
    0x20000042   0x0800884a   0x00000001   Data   RW         3994    .data               tim2.o
    0x20000043   0x0800884b   0x00000001   PAD
    0x20000044   0x0800884c   0x00000006   Data   RW         4054    .data               usart.o
    0x2000004a   0x08008852   0x00000009   Data   RW         4102    .data               usart3.o
    0x20000053   0x0800885b   0x00000001   PAD
    0x20000054   0x0800885c   0x00000006   Data   RW         4132    .data               gizwits_product.o
    0x2000005a   0x08008862   0x00000002   PAD
    0x2000005c   0x08008864   0x00000010   Data   RW         4215    .data               gizwits_protocol.o
    0x2000006c        -       0x0000000c   Zero   RW         3211    .bss                main.o
    0x20000078        -       0x00000021   Zero   RW         4131    .bss                gizwits_product.o
    0x20000099   0x08008874   0x00000003   PAD
    0x2000009c        -       0x000006a6   Zero   RW         4214    .bss                gizwits_protocol.o
    0x20000742   0x08008874   0x00000002   PAD
    0x20000744        -       0x00000060   Zero   RW         4887    .bss                c_w.l(libspace.o)
    0x200007a4   0x08008874   0x00000004   PAD
    0x200007a8        -       0x00000200   Zero   RW            2    HEAP                startup_stm32f10x_md.o
    0x200009a8        -       0x00000400   Zero   RW            1    STACK               startup_stm32f10x_md.o


==============================================================================

Image component sizes


      Code (inc. data)   RO Data    RW Data    ZI Data      Debug   Object Name

       160          8          0          0          0       1119   adcx.o
       108         26          0          1          0       1577   buzzer.o
        90          0          0          0          0       3368   common.o
         0          0          0          0          0       4500   core_cm3.o
       426          0          0          0          0       4320   datapointtools.o
        70          0          0          0          0        930   delay.o
       486         26          0          1          0       3768   dht11.o
       488         42          0          4          0       3283   ds18b20.o
       108          0          0          0          0       1240   flash.o
      1108        370          0          6         33      28005   gizwits_product.o
      8340       2576          0         16       1702      20387   gizwits_protocol.o
       116         38          0          0          0        472   iwdg.o
       760         78          0         25          0       2187   key.o
       246         26          0          0          0       2359   ldr.o
        84         14          0          0          0       1306   led.o
      2508        106          0         13         12      10658   main.o
       132         22          0          0          0     213783   misc.o
      1150         70          0          1          0       5014   motor.o
       894         32       2480          0          0       8305   oled.o
       136         16          0          0          0       1448   relay.o
       558          0          0          0          0       5589   ringbuffer.o
        64         26        236          0       1536        816   startup_stm32f10x_md.o
       394         10          0          0          0      18333   stm32f10x_adc.o
       286         36          0          0          0      10028   stm32f10x_flash.o
       458          6          0          0          0      13158   stm32f10x_gpio.o
        26          0          0          0          0       3766   stm32f10x_it.o
        68         30          0          0          0       2310   stm32f10x_iwdg.o
       392         54          0         20          0      15038   stm32f10x_rcc.o
       252         42          0          0          0      24166   stm32f10x_tim.o
       472          6          0          0          0      12507   stm32f10x_usart.o
       328         28          0          0          0      45237   system_stm32f10x.o
       562         40          0          1          0       1528   tim2.o
       166         12          0          0          0       1805   tim3.o
       428         32          0          6          0       5074   usart.o
       396         32          0          9          0       1813   usart3.o
       162         16          0          0          0       2322   yl_69.o

    ----------------------------------------------------------------------
     22462       3820       2748        108       3288     481519   Object Totals
         0          0         32          0          0          0   (incl. Generated)
        40          0          0          5          5          0   (incl. Padding)

    ----------------------------------------------------------------------

      Code (inc. data)   RO Data    RW Data    ZI Data      Debug   Library Member Name

         8          0          0          0          0         68   __main.o
       312          4         17          0          0         92   __printf_flags_wp.o
        14          0          0          0          0         68   __printf_wp.o
         0          0          0          0          0          0   __rtentry.o
        12          0          0          0          0          0   __rtentry2.o
         6          0          0          0          0          0   __rtentry4.o
        52          8          0          0          0          0   __scatter.o
        26          0          0          0          0          0   __scatter_copy.o
        28          0          0          0          0          0   __scatter_zi.o
        48          6          0          0          0         96   _printf_char_common.o
        36          4          0          0          0         80   _printf_char_file.o
         6          0          0          0          0          0   _printf_d.o
       120         16          0          0          0         92   _printf_dec.o
        88          4         40          0          0         88   _printf_hex_int.o
       178          0          0          0          0         88   _printf_intcommon.o
        78          0          0          0          0        108   _printf_pad.o
         0          0          0          0          0          0   _printf_percent.o
         4          0          0          0          0          0   _printf_percent_end.o
         6          0          0          0          0          0   _printf_x.o
        22          0          0          0          0        100   _rserrno.o
        16          0          0          0          0         68   aeabi_memset.o
        18          0          0          0          0         80   exit.o
         8          0          0          0          0         68   ferror.o
        78          0          0          0          0         80   h1_free.o
         6          0          0          0          0        152   heapauxi.o
         2          0          0          0          0          0   libinit.o
         2          0          0          0          0          0   libinit2.o
         2          0          0          0          0          0   libshutdown.o
         2          0          0          0          0          0   libshutdown2.o
         8          4          0          0         96         68   libspace.o
        24          4          0          0          0         84   noretval__2printf.o
         8          4          0          0          0         68   rt_errno_addr_intlibspace.o
         8          4          0          0          0         68   rt_heap_descriptor_intlibspace.o
        68          0          0          0          0         68   rt_memclr.o
        78          0          0          0          0         80   rt_memclr_w.o
       138          0          0          0          0         68   rt_memcpy_v6.o
       100          0          0          0          0         80   rt_memcpy_w.o
         2          0          0          0          0          0   rtexit.o
        10          0          0          0          0          0   rtexit2.o
        74          0          0          0          0         80   sys_stackheap_outer.o
         2          0          0          0          0         68   use_no_semi.o
         2          0          0          0          0         68   use_no_semi_2.o
        98          4          0          0          0         92   d2f.o
       826         16          0          0          0        348   daddsub_clz.o
        16          4          0          0          0         68   dcheck1.o
        24          0          0          0          0         68   dcmpi.o
       688        140          0          0          0        208   ddiv.o
        90          4          0          0          0         92   dfixu.o
        84          0          0          0          0        136   dflt_clz.o
       120          4          0          0          0         92   dleqf.o
       340         12          0          0          0        104   dmul.o
       156          4          0          0          0         92   dnaninf.o
        12          0          0          0          0         68   dretinf.o
       108          0          0          0          0         80   drleqf.o
       460         56          0          0          0        120   dsqrt_noumaal.o
        86          4          0          0          0         84   f2d.o
       450          8          0          0          0        236   faddsub_clz.o
        24          0          0          0          0         68   fcmpi.o
       388         76          0          0          0         96   fdiv.o
        62          4          0          0          0         84   ffixu.o
        38          0          0          0          0         68   fflt_clz.o
       104          4          0          0          0         84   fleqf.o
       258          4          0          0          0         84   fmul.o
       140          4          0          0          0         84   fnaninf.o
        10          0          0          0          0         68   fretinf.o
       100          0          0          0          0         68   retnan.o
        92          0          0          0          0         68   scalbn.o
        48          0          0          0          0         68   trapv.o
         0          0          0          0          0          0   usenofp.o
        62         10          0          0          0        340   dunder.o
        40          0          0          0          0         68   fpclassify.o
       170          0          0          0          0         96   poly.o
      2520        190        136          0          0        324   pow.o
         0          0          8          0          0          0   qnan.o
        76          0          0          0          0         84   sqrt.o

    ----------------------------------------------------------------------
      9412        606        202          0        100       5768   Library Totals
        22          0          1          0          4          0   (incl. Padding)

    ----------------------------------------------------------------------

      Code (inc. data)   RO Data    RW Data    ZI Data      Debug   Library Name

      1700         58         57          0         96       2128   c_w.l
      4822        348          0          0          0       2728   fz_ws.l
      2868        200        144          0          0        912   m_ws.l

    ----------------------------------------------------------------------
      9412        606        202          0        100       5768   Library Totals

    ----------------------------------------------------------------------

==============================================================================


      Code (inc. data)   RO Data    RW Data    ZI Data      Debug   

     31874       4426       2950        108       3388     474023   Grand Totals
     31874       4426       2950        108       3388     474023   ELF Image Totals
     31874       4426       2950        108          0          0   ROM Totals

==============================================================================

    Total RO  Size (Code + RO Data)                34824 (  34.01kB)
    Total RW  Size (RW Data + ZI Data)              3496 (   3.41kB)
    Total ROM Size (Code + RO Data + RW Data)      34932 (  34.11kB)

==============================================================================

